Component: ARM Compiler 5.06 update 1 (build 61) Tool: armlink [4d35a8]

==============================================================================

Section Cross References

    fram.o(i.MB85RS256A_READ) refers to stm32f10x_gpio.o(i.GPIO_ResetBits) for GPIO_ResetBits
    fram.o(i.MB85RS256A_READ) refers to fram.o(i.SPIx_ReadWriteByte) for SPIx_ReadWriteByte
    fram.o(i.MB85RS256A_READ) refers to stm32f10x_gpio.o(i.GPIO_SetBits) for GPIO_SetBits
    fram.o(i.MB85RS256A_WRITE) refers to stm32f10x_gpio.o(i.GPIO_ResetBits) for GPIO_ResetBits
    fram.o(i.MB85RS256A_WRITE) refers to fram.o(i.SPIx_ReadWriteByte) for SPIx_ReadWriteByte
    fram.o(i.MB85RS256A_WRITE) refers to stm32f10x_gpio.o(i.GPIO_SetBits) for GPIO_SetBits
    fram.o(i.SPI_Fram_Init) refers to stm32f10x_rcc.o(i.RCC_APB2PeriphClockCmd) for RCC_APB2PeriphClockCmd
    fram.o(i.SPI_Fram_Init) refers to stm32f10x_rcc.o(i.RCC_APB1PeriphClockCmd) for RCC_APB1PeriphClockCmd
    fram.o(i.SPI_Fram_Init) refers to stm32f10x_gpio.o(i.GPIO_Init) for GPIO_Init
    fram.o(i.SPI_Fram_Init) refers to stm32f10x_gpio.o(i.GPIO_SetBits) for GPIO_SetBits
    fram.o(i.SPI_Fram_Init) refers to stm32f10x_spi.o(i.SPI_I2S_DeInit) for SPI_I2S_DeInit
    fram.o(i.SPI_Fram_Init) refers to stm32f10x_spi.o(i.SPI_Init) for SPI_Init
    fram.o(i.SPI_Fram_Init) refers to stm32f10x_spi.o(i.SPI_Cmd) for SPI_Cmd
    fram.o(i.SPI_Fram_Init) refers to fram.o(i.SPIx_ReadWriteByte) for SPIx_ReadWriteByte
    fram.o(i.SPI_read_MB85RS256A) refers to stm32f10x_gpio.o(i.GPIO_ResetBits) for GPIO_ResetBits
    fram.o(i.SPI_read_MB85RS256A) refers to fram.o(i.SPIx_ReadWriteByte) for SPIx_ReadWriteByte
    fram.o(i.SPI_read_MB85RS256A) refers to stm32f10x_gpio.o(i.GPIO_SetBits) for GPIO_SetBits
    fram.o(i.SPI_write_MB85RS256A) refers to stm32f10x_gpio.o(i.GPIO_ResetBits) for GPIO_ResetBits
    fram.o(i.SPI_write_MB85RS256A) refers to fram.o(i.SPIx_ReadWriteByte) for SPIx_ReadWriteByte
    fram.o(i.SPI_write_MB85RS256A) refers to stm32f10x_gpio.o(i.GPIO_SetBits) for GPIO_SetBits
    fram.o(i.SPIx_ReadWriteByte) refers to stm32f10x_spi.o(i.SPI_I2S_GetFlagStatus) for SPI_I2S_GetFlagStatus
    fram.o(i.SPIx_ReadWriteByte) refers to stm32f10x_spi.o(i.SPI_I2S_SendData) for SPI_I2S_SendData
    fram.o(i.SPIx_ReadWriteByte) refers to stm32f10x_spi.o(i.SPI_I2S_ReceiveData) for SPI_I2S_ReceiveData
    keyboard.o(i.keyInit) refers to stm32f10x_gpio.o(i.GPIO_Init) for GPIO_Init
    keyboard.o(i.keyscan) refers to stm32f10x_gpio.o(i.GPIO_ResetBits) for GPIO_ResetBits
    keyboard.o(i.keyscan) refers to stm32f10x_gpio.o(i.GPIO_SetBits) for GPIO_SetBits
    keyboard.o(i.keyscan) refers to stm32f10x_gpio.o(i.GPIO_ReadInputData) for GPIO_ReadInputData
    printer.o(i.fputc) refers to printer.o(i.print_one) for print_one
    printer.o(i.print_one) refers to stm32f10x_gpio.o(i.GPIO_ResetBits) for GPIO_ResetBits
    printer.o(i.print_one) refers to stm32f10x_gpio.o(i.GPIO_ReadOutputDataBit) for GPIO_ReadOutputDataBit
    printer.o(i.print_one) refers to stm32f10x_gpio.o(i.GPIO_SetBits) for GPIO_SetBits
    printer.o(i.print_one) refers to stm32f10x_gpio.o(i.GPIO_ReadOutputData) for GPIO_ReadOutputData
    printer.o(i.print_one) refers to stm32f10x_gpio.o(i.GPIO_Write) for GPIO_Write
    printer.o(i.printerInit) refers to stm32f10x_gpio.o(i.GPIO_Init) for GPIO_Init
    pidp.o(i.pid_calc) refers to faddsub_clz.o(x$fpl$fsub) for __aeabi_fsub
    pidp.o(i.pid_calc) refers to ffltll_clz.o(x$fpl$ffltll) for __aeabi_l2f
    pidp.o(i.pid_calc) refers to faddsub_clz.o(x$fpl$fadd) for __aeabi_fadd
    pidp.o(i.pid_calc) refers to ffixll.o(x$fpl$llsfromf) for __aeabi_f2lz
    pidp.o(i.pid_calc) refers to fmul.o(x$fpl$fmul) for __aeabi_fmul
    modbus.o(i.MODH_AnalyzeApp) refers to modbus.o(i.MODH_Read_01H) for MODH_Read_01H
    modbus.o(i.MODH_AnalyzeApp) refers to modbus.o(i.MODH_Read_02H) for MODH_Read_02H
    modbus.o(i.MODH_AnalyzeApp) refers to modbus.o(i.MODH_Read_03H) for MODH_Read_03H
    modbus.o(i.MODH_AnalyzeApp) refers to modbus.o(i.MODH_Read_04H) for MODH_Read_04H
    modbus.o(i.MODH_AnalyzeApp) refers to modbus.o(i.MODH_Read_05H) for MODH_Read_05H
    modbus.o(i.MODH_AnalyzeApp) refers to modbus.o(i.MODH_Read_06H) for MODH_Read_06H
    modbus.o(i.MODH_AnalyzeApp) refers to modbus.o(i.MODH_Read_10H) for MODH_Read_10H
    modbus.o(i.MODH_AnalyzeApp) refers to modbus.o(.bss) for g_tModH
    modbus.o(i.MODH_Poll) refers to crc16.o(i.CRC16_Modbus) for CRC16_Modbus
    modbus.o(i.MODH_Poll) refers to modbus.o(i.MODH_AnalyzeApp) for MODH_AnalyzeApp
    modbus.o(i.MODH_Poll) refers to modbus.o(.data) for g_modh_timeout
    modbus.o(i.MODH_Poll) refers to modbus.o(.bss) for g_tModH
    modbus.o(i.MODH_ReadParam_01H) refers to modbus.o(i.MODH_Send01H) for MODH_Send01H
    modbus.o(i.MODH_ReadParam_01H) refers to timer.o(i.bsp_GetRunTime) for bsp_GetRunTime
    modbus.o(i.MODH_ReadParam_01H) refers to modbus.o(i.MODH_Poll) for MODH_Poll
[...]
    i.GPIO_Init                              0x08002170   Section        0  stm32f10x_gpio.o(i.GPIO_Init)
    i.GPIO_PinRemapConfig                    0x08002288   Section        0  stm32f10x_gpio.o(i.GPIO_PinRemapConfig)
    i.GPIO_ReadInputData                     0x08002318   Section        0  stm32f10x_gpio.o(i.GPIO_ReadInputData)
    i.GPIO_ReadOutputData                    0x08002320   Section        0  stm32f10x_gpio.o(i.GPIO_ReadOutputData)
    i.GPIO_ReadOutputDataBit                 0x08002328   Section        0  stm32f10x_gpio.o(i.GPIO_ReadOutputDataBit)
    i.GPIO_ResetBits                         0x0800233a   Section        0  stm32f10x_gpio.o(i.GPIO_ResetBits)
    i.GPIO_SetBits                           0x0800233e   Section        0  stm32f10x_gpio.o(i.GPIO_SetBits)
    i.GPIO_Write                             0x08002342   Section        0  stm32f10x_gpio.o(i.GPIO_Write)
    i.GPIO_WriteBit                          0x08002346   Section        0  stm32f10x_gpio.o(i.GPIO_WriteBit)
    i.InitHardUart                           0x08002350   Section        0  usart.o(i.InitHardUart)
    InitHardUart                             0x08002351   Thumb Code   452  usart.o(i.InitHardUart)
    i.LCD_DLY_ms                             0x08002528   Section        0  oled.o(i.LCD_DLY_ms)
    i.LCD_Fill                               0x08002544   Section        0  oled.o(i.LCD_Fill)
    i.LCD_Init                               0x08002580   Section        0  oled.o(i.LCD_Init)
    i.LCD_P16x16Str                          0x08002664   Section        0  oled.o(i.LCD_P16x16Str)
    i.LCD_P6x8Str                            0x08002762   Section        0  oled.o(i.LCD_P6x8Str)
    i.LCD_P8x16Str                           0x080027c2   Section        0  oled.o(i.LCD_P8x16Str)
    i.LCD_Print                              0x08002844   Section        0  oled.o(i.LCD_Print)
    i.LCD_Set_Pos                            0x080028e4   Section        0  oled.o(i.LCD_Set_Pos)
    i.LCD_WrCmd                              0x08002910   Section        0  oled.o(i.LCD_WrCmd)
    i.LCD_WrDat                              0x08002970   Section        0  oled.o(i.LCD_WrDat)
    i.MODH_AnalyzeApp                        0x080029d0   Section        0  modbus.o(i.MODH_AnalyzeApp)
    MODH_AnalyzeApp                          0x080029d1   Thumb Code    88  modbus.o(i.MODH_AnalyzeApp)
    i.MODH_Poll                              0x08002a2c   Section        0  modbus.o(i.MODH_Poll)
    i.MODH_Read_01H                          0x08002a74   Section        0  modbus.o(i.MODH_Read_01H)
    MODH_Read_01H                            0x08002a75   Thumb Code    96  modbus.o(i.MODH_Read_01H)
    i.MODH_Read_02H                          0x08002adc   Section        0  modbus.o(i.MODH_Read_02H)
    MODH_Read_02H                            0x08002add   Thumb Code    84  modbus.o(i.MODH_Read_02H)
    i.MODH_Read_03H                          0x08002b38   Section        0  modbus.o(i.MODH_Read_03H)
    MODH_Read_03H                            0x08002b39   Thumb Code    72  modbus.o(i.MODH_Read_03H)
    i.MODH_Read_04H                          0x08002b88   Section        0  modbus.o(i.MODH_Read_04H)
    MODH_Read_04H                            0x08002b89   Thumb Code    60  modbus.o(i.MODH_Read_04H)
    i.MODH_Read_05H                          0x08002bcc   Section        0  modbus.o(i.MODH_Read_05H)
    MODH_Read_05H                            0x08002bcd   Thumb Code    26  modbus.o(i.MODH_Read_05H)
    i.MODH_Read_06H                          0x08002bec   Section        0  modbus.o(i.MODH_Read_06H)
    MODH_Read_06H                            0x08002bed   Thumb Code    26  modbus.o(i.MODH_Read_06H)
    i.MODH_Read_10H                          0x08002c0c   Section        0  modbus.o(i.MODH_Read_10H)
    MODH_Read_10H                            0x08002c0d   Thumb Code    26  modbus.o(i.MODH_Read_10H)
    i.MODH_ReciveNew                         0x08002c2c   Section        0  modbus.o(i.MODH_ReciveNew)
    i.MODH_RxTimeOut                         0x08002c74   Section        0  modbus.o(i.MODH_RxTimeOut)
    MODH_RxTimeOut                           0x08002c75   Thumb Code     8  modbus.o(i.MODH_RxTimeOut)
    i.NVIC_Init                              0x08002c80   Section        0  misc.o(i.NVIC_Init)
    i.NVIC_PriorityGroupConfig               0x08002cf0   Section        0  misc.o(i.NVIC_PriorityGroupConfig)
    i.RCC_AHBPeriphClockCmd                  0x08002d04   Section        0  stm32f10x_rcc.o(i.RCC_AHBPeriphClockCmd)
    i.RCC_APB1PeriphClockCmd                 0x08002d24   Section        0  stm32f10x_rcc.o(i.RCC_APB1PeriphClockCmd)
    i.RCC_APB1PeriphResetCmd                 0x08002d44   Section        0  stm32f10x_rcc.o(i.RCC_APB1PeriphResetCmd)
    i.RCC_APB2PeriphClockCmd                 0x08002d64   Section        0  stm32f10x_rcc.o(i.RCC_APB2PeriphClockCmd)
    i.RCC_APB2PeriphResetCmd                 0x08002d84   Section        0  stm32f10x_rcc.o(i.RCC_APB2PeriphResetCmd)
    i.RCC_GetClocksFreq                      0x08002da4   Section        0  stm32f10x_rcc.o(i.RCC_GetClocksFreq)
    i.RS485_InitTXE                          0x08002e78   Section        0  usart.o(i.RS485_InitTXE)
    i.RS485_ReciveNew                        0x08002ea4   Section        0  usart.o(i.RS485_ReciveNew)
    i.RS485_SendBefor                        0x08002eb0   Section        0  usart.o(i.RS485_SendBefor)
    i.RS485_SendOver                         0x08002ec0   Section        0  usart.o(i.RS485_SendOver)
    i.SPI_Cmd                                0x08002ed0   Section        0  stm32f10x_spi.o(i.SPI_Cmd)
    i.SPI_Fram_Init                          0x08002ee8   Section        0  fram.o(i.SPI_Fram_Init)
    i.SPI_I2S_DeInit                         0x08002fb8   Section        0  stm32f10x_spi.o(i.SPI_I2S_DeInit)
    i.SPI_I2S_GetFlagStatus                  0x08003010   Section        0  stm32f10x_spi.o(i.SPI_I2S_GetFlagStatus)
    i.SPI_I2S_ReceiveData                    0x08003022   Section        0  stm32f10x_spi.o(i.SPI_I2S_ReceiveData)
    i.SPI_I2S_SendData                       0x08003028   Section        0  stm32f10x_spi.o(i.SPI_I2S_SendData)
    i.SPI_Init                               0x0800302c   Section        0  stm32f10x_spi.o(i.SPI_Init)
    i.SPIx_ReadWriteByte                     0x08003068   Section        0  fram.o(i.SPIx_ReadWriteByte)
    i.Service_Init                           0x080030bc   Section        0  main.o(i.Service_Init)
    i.SetSysClock                            0x0800315c   Section        0  system_stm32f10x.o(i.SetSysClock)
    SetSysClock                              0x0800315d   Thumb Code     8  system_stm32f10x.o(i.SetSysClock)
    i.SetSysClockTo72                        0x08003164   Section        0  system_stm32f10x.o(i.SetSysClockTo72)
    SetSysClockTo72                          0x08003165   Thumb Code   214  system_stm32f10x.o(i.SetSysClockTo72)
    i.SysTick_Handler                        0x08003244   Section        0  timer.o(i.SysTick_Handler)
    i.SysTick_ISR                            0x0800324c   Section        0  timer.o(i.SysTick_ISR)
    i.SystemInit                             0x080032c8   Section        0  system_stm32f10x.o(i.SystemInit)
    i.TIM2_IRQHandler                        0x08003328   Section        0  timer.o(i.TIM2_IRQHandler)
    i.TIM_ClearITPendingBit                  0x080033c4   Section        0  stm32f10x_tim.o(i.TIM_ClearITPendingBit)
    i.TIM_Cmd                                0x080033ca   Section        0  stm32f10x_tim.o(i.TIM_Cmd)
    i.TIM_GetCounter                         0x080033e2   Section        0  stm32f10x_tim.o(i.TIM_GetCounter)
    i.TIM_GetITStatus                        0x080033e8   Section        0  stm32f10x_tim.o(i.TIM_GetITStatus)
    i.TIM_ITConfig                           0x0800340a   Section        0  stm32f10x_tim.o(i.TIM_ITConfig)
    i.TIM_SetCompare1                        0x0800341c   Section        0  stm32f10x_tim.o(i.TIM_SetCompare1)
    i.TIM_SetCompare2                        0x08003420   Section        0  stm32f10x_tim.o(i.TIM_SetCompare2)
    i.TIM_SetCompare3                        0x08003424   Section        0  stm32f10x_tim.o(i.TIM_SetCompare3)
    i.TIM_SetCompare4                        0x08003428   Section        0  stm32f10x_tim.o(i.TIM_SetCompare4)
    i.TIM_TimeBaseInit                       0x08003430   Section        0  stm32f10x_tim.o(i.TIM_TimeBaseInit)
    i.USART1_IRQHandler                      0x080034d4   Section        0  usart.o(i.USART1_IRQHandler)
    i.USART2_IRQHandler                      0x080034e4   Section        0  usart.o(i.USART2_IRQHandler)
    i.USART3_IRQHandler                      0x080034f4   Section        0  usart.o(i.USART3_IRQHandler)
    i.USART_ClearFlag                        0x08003504   Section        0  stm32f10x_usart.o(i.USART_ClearFlag)
    i.USART_Cmd                              0x08003516   Section        0  stm32f10x_usart.o(i.USART_Cmd)
    i.USART_GetITStatus                      0x0800352e   Section        0  stm32f10x_usart.o(i.USART_GetITStatus)
    i.USART_ITConfig                         0x08003582   Section        0  stm32f10x_usart.o(i.USART_ITConfig)
    i.USART_Init                             0x080035cc   Section        0  stm32f10x_usart.o(i.USART_Init)
    i.USART_ReceiveData                      0x080036a4   Section        0  stm32f10x_usart.o(i.USART_ReceiveData)
    i.USART_SendData                         0x080036ae   Section        0  stm32f10x_usart.o(i.USART_SendData)
    i.UartIRQ                                0x080036b6   Section        0  usart.o(i.UartIRQ)
    UartIRQ                                  0x080036b7   Thumb Code   230  usart.o(i.UartIRQ)
    i.UartVarInit                            0x0800379c   Section        0  usart.o(i.UartVarInit)
    UartVarInit                              0x0800379d   Thumb Code   134  usart.o(i.UartVarInit)
    i.__ARM_fpclassify                       0x08003860   Section        0  fpclassify.o(i.__ARM_fpclassify)
    i._is_digit                              0x08003888   Section        0  __printf_wp.o(i._is_digit)
    i.bsp_InitHardTimer                      0x08003898   Section        0  timer.o(i.bsp_InitHardTimer)
    i.bsp_InitTimer                          0x08003900   Section        0  timer.o(i.bsp_InitTimer)
    i.bsp_InitUart                           0x0800399c   Section        0  usart.o(i.bsp_InitUart)
    i.bsp_SoftTimerDec                       0x080039b0   Section        0  timer.o(i.bsp_SoftTimerDec)
    bsp_SoftTimerDec                         0x080039b1   Thumb Code    28  timer.o(i.bsp_SoftTimerDec)
    i.bsp_StartHardTimer                     0x080039cc   Section        0  timer.o(i.bsp_StartHardTimer)
    i.delay_ms                               0x08003a94   Section        0  delay.o(i.delay_ms)
    i.delay_us                               0x08003abc   Section        0  delay.o(i.delay_us)
    i.digitalin                              0x08003ad8   Section        0  digital.o(i.digitalin)
    i.digitalout                             0x08003b18   Section        0  digital.o(i.digitalout)
    i.fputc                                  0x08003b5c   Section        0  printer.o(i.fputc)
    i.keyInit                                0x08003b6c   Section        0  keyboard.o(i.keyInit)
    i.keyscan                                0x08003ba8   Section        0  keyboard.o(i.keyscan)
    i.lcd                                    0x08003c1c   Section        0  back.o(i.lcd)
    i.main                                   0x08003d18   Section        0  main.o(i.main)
    i.oled                                   0x08003d60   Section        0  back.o(i.oled)
    i.pid_add                                0x08003e54   Section        0  pid.o(i.pid_add)
    i.pid_init                               0x08003e94   Section        0  pidp.o(i.pid_init)
    i.pid_realise                            0x08003eac   Section        0  pid.o(i.pid_realise)
    i.print_one                              0x08003f50   Section        0  printer.o(i.print_one)
    i.printerInit                            0x08003fc8   Section        0  printer.o(i.printerInit)
    i.strlen                                 0x08004004   Section        0  usart.o(i.strlen)
    locale$$code                             0x08004018   Section       44  lc_numeric_c.o(locale$$code)
    x$fpl$dretinf                            0x08004044   Section       12  dretinf.o(x$fpl$dretinf)
    x$fpl$f2d                                0x08004050   Section       86  f2d.o(x$fpl$f2d)
    x$fpl$fadd                               0x080040a8   Section      196  faddsub_clz.o(x$fpl$fadd)
    _fadd1                                   0x080040b7   Thumb Code     0  faddsub_clz.o(x$fpl$fadd)
    x$fpl$fmul                               0x0800416c   Section      258  fmul.o(x$fpl$fmul)
    x$fpl$fnaninf                            0x0800426e   Section      140  fnaninf.o(x$fpl$fnaninf)
    x$fpl$fretinf                            0x080042fa   Section       10  fretinf.o(x$fpl$fretinf)
    x$fpl$frsb                               0x08004304   Section       20  faddsub_clz.o(x$fpl$frsb)
    x$fpl$fsub                               0x08004318   Section      234  faddsub_clz.o(x$fpl$fsub)
    _fsub1                                   0x08004327   Thumb Code     0  faddsub_clz.o(x$fpl$fsub)
    x$fpl$printf1                            0x08004402   Section        4  printf1.o(x$fpl$printf1)
    .constdata                               0x08004406   Section      512  crc16.o(.constdata)
    x$fpl$usenofp                            0x08004406   Section        0  usenofp.o(x$fpl$usenofp)
    s_CRCHi                                  0x08004406   Data         256  crc16.o(.constdata)
    s_CRCLo                                  0x08004506   Data         256  crc16.o(.constdata)
    .constdata                               0x08004606   Section     4689  oled.o(.constdata)
    .constdata                               0x08005857   Section       17  __printf_flags_wp.o(.constdata)
    maptable                                 0x08005857   Data          17  __printf_flags_wp.o(.constdata)
    .constdata                               0x08005868   Section      148  bigflt0.o(.constdata)
    tenpwrs_x                                0x08005868   Data          60  bigflt0.o(.constdata)
    tenpwrs_i                                0x080058a4   Data          64  bigflt0.o(.constdata)
    .constdata                               0x080058fc   Section        4  sys_io.o(.constdata)
    .constdata                               0x08005900   Section        4  sys_io.o(.constdata)
    .constdata                               0x08005904   Section        4  sys_io.o(.constdata)
    locale$$data                             0x08005928   Section       28  lc_numeric_c.o(locale$$data)
    __lcnum_c_name                           0x0800592c   Data           2  lc_numeric_c.o(locale$$data)
    __lcnum_c_start                          0x08005934   Data           0  lc_numeric_c.o(locale$$data)
    __lcnum_c_point                          0x08005940   Data           0  lc_numeric_c.o(locale$$data)
    __lcnum_c_thousands                      0x08005942   Data           0  lc_numeric_c.o(locale$$data)
    __lcnum_c_grouping                       0x08005943   Data           0  lc_numeric_c.o(locale$$data)
    __lcnum_c_end                            0x08005944   Data           0  lc_numeric_c.o(locale$$data)
    .data                                    0x20000000   Section        1  modbus.o(.data)
    .data                                    0x20000004   Section       29  timer.o(.data)
    s_uiDelayCount                           0x20000004   Data           4  timer.o(.data)
    s_ucTimeOutFlag                          0x20000008   Data           1  timer.o(.data)
    s_TIM_CallBack1                          0x20000010   Data           4  timer.o(.data)
    s_TIM_CallBack2                          0x20000014   Data           4  timer.o(.data)
    s_TIM_CallBack3                          0x20000018   Data           4  timer.o(.data)
    s_TIM_CallBack4                          0x2000001c   Data           4  timer.o(.data)
    s_count                                  0x20000020   Data           1  timer.o(.data)
    .data                                    0x20000021   Section       20  stm32f10x_rcc.o(.data)
    APBAHBPrescTable                         0x20000021   Data          16  stm32f10x_rcc.o(.data)
    ADCPrescTable                            0x20000031   Data           4  stm32f10x_rcc.o(.data)
    .data                                    0x20000038   Section       20  system_stm32f10x.o(.data)
    .data                                    0x2000004c   Section        4  stdio_streams.o(.data)
    .data                                    0x20000050   Section        4  stdio_streams.o(.data)
    .data                                    0x20000054   Section        4  stdio_streams.o(.data)
    .bss                                     0x20000058   Section      234  modbus.o(.bss)
    .bss                                     0x20000144   Section     6264  usart.o(.bss)
    g_tUart1                                 0x20000144   Data          40  usart.o(.bss)
    g_TxBuf1                                 0x2000016c   Data        1024  usart.o(.bss)
    g_RxBuf1                                 0x2000056c   Data        1024  usart.o(.bss)
    g_tUart2                                 0x2000096c   Data          40  usart.o(.bss)
    g_TxBuf2                                 0x20000994   Data        1024  usart.o(.bss)
    g_RxBuf2                                 0x20000d94   Data        1024  usart.o(.bss)
    g_tUart3                                 0x20001194   Data          40  usart.o(.bss)
    g_TxBuf3                                 0x200011bc   Data        1024  usart.o(.bss)
    g_RxBuf3                                 0x200015bc   Data        1024  usart.o(.bss)
    .bss                                     0x200019bc   Section       48  timer.o(.bss)
    s_tTmr                                   0x200019bc   Data          48  timer.o(.bss)
    .bss                                     0x200019ec   Section       32  pid.o(.bss)
    .bss                                     0x20001a0c   Section       32  back.o(.bss)
    .bss                                     0x20001a2c   Section       84  stdio_streams.o(.bss)
    .bss                                     0x20001a80   Section       84  stdio_streams.o(.bss)
    .bss                                     0x20001ad4   Section       84  stdio_streams.o(.bss)
    .bss                                     0x20001b28   Section       96  libspace.o(.bss)
    HEAP                                     0x20001b88   Section      512  startup_stm32f10x_md.o(HEAP)
    Heap_Mem                                 0x20001b88   Data         512  startup_stm32f10x_md.o(HEAP)
    STACK                                    0x20001d88   Section     1024  startup_stm32f10x_md.o(STACK)
    Stack_Mem                                0x20001d88   Data        1024  startup_stm32f10x_md.o(STACK)
    __initial_sp                             0x20002188   Data           0  startup_stm32f10x_md.o(STACK)

    Global Symbols

    Symbol Name                              Value     Ov Type        Size  Object(Section)

    BuildAttributes$$THM_ISAv4$P$D$K$B$S$PE$A:L22UL41UL21$X:L11$S22US41US21$IEEE1$IW$USESV6$~STKCKD$USESV7$~SHL$OTIME$ROPI$IEEEJ$EBA8$UX$STANDARDLIB$REQ8$PRES8$EABIv2 0x00000000   Number         0  anon$$obj.o ABSOLUTE
    __ARM_use_no_argv                        0x00000000   Number         0  main.o ABSOLUTE
    _printf_flags                            0x00000000   Number         0  printf_stubs.o ABSOLUTE
    _printf_return_value                     0x00000000   Number         0  printf_stubs.o ABSOLUTE
    _printf_sizespec                         0x00000000   Number         0  printf_stubs.o ABSOLUTE
    _printf_widthprec                        0x00000000   Number         0  printf_stubs.o ABSOLUTE
    __ARM_exceptions_init                     - Undefined Weak Reference
    __alloca_initialize                       - Undefined Weak Reference
    __arm_preinit_                            - Undefined Weak Reference
    __cpp_initialize__aeabi_                  - Undefined Weak Reference
    __cxa_finalize                            - Undefined Weak Reference
    __sigvec_lookup                           - Undefined Weak Reference
    __user_heap_extent                        - Undefined Weak Reference
    _atexit_init                              - Undefined Weak Reference
    _call_atexit_fns                          - Undefined Weak Reference
    _clock_init                               - Undefined Weak Reference
    _fp_trap_init                             - Undefined Weak Reference
    _fp_trap_shutdown                         - Undefined Weak Reference
    _get_lc_collate                           - Undefined Weak Reference
    _get_lc_ctype                             - Undefined Weak Reference
    _get_lc_monetary                          - Undefined Weak Reference
    _get_lc_time                              - Undefined Weak Reference
    _getenv_init                              - Undefined Weak Reference
    _handle_redirection                       - Undefined Weak Reference
    _mutex_acquire                            - Undefined Weak Reference
    _mutex_free                               - Undefined Weak Reference
    _mutex_release                            - Undefined Weak Reference
    _printf_mbtowc                            - Undefined Weak Reference
    _printf_truncate_signed                   - Undefined Weak Reference
    _printf_truncate_unsigned                 - Undefined Weak Reference
    _rand_init                                - Undefined Weak Reference
    _signal_finish                            - Undefined Weak Reference
    _signal_init                              - Undefined Weak Reference
    __Vectors_Size                           0x000000ec   Number         0  startup_stm32f10x_md.o ABSOLUTE
    __Vectors                                0x08000000   Data           4  startup_stm32f10x_md.o(RESET)
    __Vectors_End                            0x080000ec   Data           0  startup_stm32f10x_md.o(RESET)
    __main                                   0x080000ed   Thumb Code     8  __main.o(!!!main)
    __scatterload                            0x080000f5   Thumb Code     0  __scatter.o(!!!scatter)
    __scatterload_rt2                        0x080000f5   Thumb Code    44  __scatter.o(!!!scatter)
    __scatterload_rt2_thumb_only             0x080000f5   Thumb Code     0  __scatter.o(!!!scatter)
    __scatterload_null                       0x08000103   Thumb Code     0  __scatter.o(!!!scatter)
    __scatterload_copy                       0x08000129   Thumb Code    26  __scatter_copy.o(!!handler_copy)
    __scatterload_zeroinit                   0x08000145   Thumb Code    28  __scatter_zi.o(!!handler_zi)
    _printf_f                                0x08000161   Thumb Code     0  _printf_f.o(.ARM.Collect$$_printf_percent$$00000003)
    _printf_percent                          0x08000161   Thumb Code     0  _printf_percent.o(.ARM.Collect$$_printf_percent$$00000000)
    _printf_d                                0x08000167   Thumb Code     0  _printf_d.o(.ARM.Collect$$_printf_percent$$00000009)
    _printf_c                                0x0800016d   Thumb Code     0  _printf_c.o(.ARM.Collect$$_printf_percent$$00000013)
    _printf_percent_end                      0x08000173   Thumb Code     0  _printf_percent_end.o(.ARM.Collect$$_printf_percent$$00000017)
    __rt_lib_init                            0x08000177   Thumb Code     0  libinit.o(.ARM.Collect$$libinit$$00000000)
    __rt_lib_init_fp_1                       0x08000179   Thumb Code     0  libinit2.o(.ARM.Collect$$libinit$$00000002)
    __rt_lib_init_heap_2                     0x08000179   Thumb Code     0  libinit2.o(.ARM.Collect$$libinit$$00000005)
    __rt_lib_init_preinit_1                  0x08000179   Thumb Code     0  libinit2.o(.ARM.Collect$$libinit$$00000004)
    __rt_lib_init_heap_1                     0x08000181   Thumb Code     0  libinit2.o(.ARM.Collect$$libinit$$0000000A)
    __rt_lib_init_lc_common                  0x08000181   Thumb Code     0  libinit2.o(.ARM.Collect$$libinit$$0000000F)
    __rt_lib_init_rand_1                     0x08000181   Thumb Code     0  libinit2.o(.ARM.Collect$$libinit$$0000000E)
    __rt_lib_init_user_alloc_1               0x08000181   Thumb Code     0  libinit2.o(.ARM.Collect$$libinit$$0000000C)
    __rt_lib_init_lc_collate_1               0x08000187   Thumb Code     0  libinit2.o(.ARM.Collect$$libinit$$00000011)
    __rt_lib_init_lc_ctype_1                 0x08000187   Thumb Code     0  libinit2.o(.ARM.Collect$$libinit$$00000013)
    __rt_lib_init_lc_monetary_1              0x08000187   Thumb Code     0  libinit2.o(.ARM.Collect$$libinit$$00000015)
    __rt_lib_init_lc_numeric_2               0x08000187   Thumb Code     0  libinit2.o(.ARM.Collect$$libinit$$00000016)
    __rt_lib_init_atexit_1                   0x08000191   Thumb Code     0  libinit2.o(.ARM.Collect$$libinit$$0000001B)
    __rt_lib_init_clock_1                    0x08000191   Thumb Code     0  libinit2.o(.ARM.Collect$$libinit$$00000021)
    __rt_lib_init_fp_trap_1                  0x08000191   Thumb Code     0  libinit2.o(.ARM.Collect$$libinit$$0000001F)
    __rt_lib_init_getenv_1                   0x08000191   Thumb Code     0  libinit2.o(.ARM.Collect$$libinit$$00000023)
    __rt_lib_init_lc_numeric_1               0x08000191   Thumb Code     0  libinit2.o(.ARM.Collect$$libinit$$00000017)
    __rt_lib_init_lc_time_1                  0x08000191   Thumb Code     0  libinit2.o(.ARM.Collect$$libinit$$00000019)
    __rt_lib_init_signal_1                   0x08000191   Thumb Code     0  libinit2.o(.ARM.Collect$$libinit$$0000001D)
    __rt_lib_init_stdio_2                    0x08000191   Thumb Code     0  libinit2.o(.ARM.Collect$$libinit$$00000024)
    __rt_lib_init_alloca_1                   0x08000195   Thumb Code     0  libinit2.o(.ARM.Collect$$libinit$$0000002E)
    __rt_lib_init_argv_1                     0x08000195   Thumb Code     0  libinit2.o(.ARM.Collect$$libinit$$0000002C)
    __rt_lib_init_cpp_1                      0x08000195   Thumb Code     0  libinit2.o(.ARM.Collect$$libinit$$00000032)
    __rt_lib_init_exceptions_1               0x08000195   Thumb Code     0  libinit2.o(.ARM.Collect$$libinit$$00000030)
    __rt_lib_init_return                     0x08000195   Thumb Code     0  libinit2.o(.ARM.Collect$$libinit$$00000033)
    __rt_lib_init_stdio_1                    0x08000195   Thumb Code     0  libinit2.o(.ARM.Collect$$libinit$$00000025)
    __rt_lib_shutdown                        0x08000197   Thumb Code     0  libshutdown.o(.ARM.Collect$$libshutdown$$00000000)
    __rt_lib_shutdown_cpp_1                  0x08000199   Thumb Code     0  libshutdown2.o(.ARM.Collect$$libshutdown$$00000002)
    __rt_lib_shutdown_stdio_2                0x08000199   Thumb Code     0  libshutdown2.o(.ARM.Collect$$libshutdown$$00000003)
    __rt_lib_shutdown_fp_trap_1              0x0800019d   Thumb Code     0  libshutdown2.o(.ARM.Collect$$libshutdown$$00000007)
    __rt_lib_shutdown_heap_1                 0x0800019d   Thumb Code     0  libshutdown2.o(.ARM.Collect$$libshutdown$$0000000F)
    __rt_lib_shutdown_return                 0x0800019d   Thumb Code     0  libshutdown2.o(.ARM.Collect$$libshutdown$$00000010)
    __rt_lib_shutdown_signal_1               0x0800019d   Thumb Code     0  libshutdown2.o(.ARM.Collect$$libshutdown$$0000000A)
    __rt_lib_shutdown_stdio_1                0x0800019d   Thumb Code     0  libshutdown2.o(.ARM.Collect$$libshutdown$$00000004)
    __rt_lib_shutdown_user_alloc_1           0x0800019d   Thumb Code     0  libshutdown2.o(.ARM.Collect$$libshutdown$$0000000C)
    __rt_entry                               0x0800019f   Thumb Code     0  __rtentry.o(.ARM.Collect$$rtentry$$00000000)
    __rt_entry_presh_1                       0x0800019f   Thumb Code     0  __rtentry2.o(.ARM.Collect$$rtentry$$00000002)
    __rt_entry_sh                            0x0800019f   Thumb Code     0  __rtentry4.o(.ARM.Collect$$rtentry$$00000004)
    __rt_entry_li                            0x080001a5   Thumb Code     0  __rtentry2.o(.ARM.Collect$$rtentry$$0000000A)
    __rt_entry_postsh_1                      0x080001a5   Thumb Code     0  __rtentry2.o(.ARM.Collect$$rtentry$$00000009)
    __rt_entry_main                          0x080001a9   Thumb Code     0  __rtentry2.o(.ARM.Collect$$rtentry$$0000000D)
    __rt_entry_postli_1                      0x080001a9   Thumb Code     0  __rtentry2.o(.ARM.Collect$$rtentry$$0000000C)
    __rt_exit                                0x080001b1   Thumb Code     0  rtexit.o(.ARM.Collect$$rtexit$$00000000)
    __rt_exit_ls                             0x080001b3   Thumb Code     0  rtexit2.o(.ARM.Collect$$rtexit$$00000003)
    __rt_exit_prels_1                        0x080001b3   Thumb Code     0  rtexit2.o(.ARM.Collect$$rtexit$$00000002)
    __rt_exit_exit                           0x080001b7   Thumb Code     0  rtexit2.o(.ARM.Collect$$rtexit$$00000004)
    Reset_Handler                            0x080001bd   Thumb Code     8  startup_stm32f10x_md.o(.text)
    _maybe_terminate_alloc                   0x080001bd   Thumb Code     0  maybetermalloc1.o(.emb_text)
    NMI_Handler                              0x080001c5   Thumb Code     2  startup_stm32f10x_md.o(.text)
    HardFault_Handler                        0x080001c7   Thumb Code     2  startup_stm32f10x_md.o(.text)
    MemManage_Handler                        0x080001c9   Thumb Code     2  startup_stm32f10x_md.o(.text)
    BusFault_Handler                         0x080001cb   Thumb Code     2  startup_stm32f10x_md.o(.text)
    UsageFault_Handler                       0x080001cd   Thumb Code     2  startup_stm32f10x_md.o(.text)
    SVC_Handler                              0x080001cf   Thumb Code     2  startup_stm32f10x_md.o(.text)
    DebugMon_Handler                         0x080001d1   Thumb Code     2  startup_stm32f10x_md.o(.text)
    PendSV_Handler                           0x080001d3   Thumb Code     2  startup_stm32f10x_md.o(.text)
    ADC1_2_IRQHandler                        0x080001d7   Thumb Code     0  startup_stm32f10x_md.o(.text)
    CAN1_RX1_IRQHandler                      0x080001d7   Thumb Code     0  startup_stm32f10x_md.o(.text)
    CAN1_SCE_IRQHandler                      0x080001d7   Thumb Code     0  startup_stm32f10x_md.o(.text)
    DMA1_Channel1_IRQHandler                 0x080001d7   Thumb Code     0  startup_stm32f10x_md.o(.text)
    DMA1_Channel2_IRQHandler                 0x080001d7   Thumb Code     0  startup_stm32f10x_md.o(.text)
    DMA1_Channel3_IRQHandler                 0x080001d7   Thumb Code     0  startup_stm32f10x_md.o(.text)
    DMA1_Channel4_IRQHandler                 0x080001d7   Thumb Code     0  startup_stm32f10x_md.o(.text)
    DMA1_Channel5_IRQHandler                 0x080001d7   Thumb Code     0  startup_stm32f10x_md.o(.text)
    DMA1_Channel6_IRQHandler                 0x080001d7   Thumb Code     0  startup_stm32f10x_md.o(.text)
    DMA1_Channel7_IRQHandler                 0x080001d7   Thumb Code     0  startup_stm32f10x_md.o(.text)
    EXTI0_IRQHandler                         0x080001d7   Thumb Code     0  startup_stm32f10x_md.o(.text)
    EXTI15_10_IRQHandler                     0x080001d7   Thumb Code     0  startup_stm32f10x_md.o(.text)
    EXTI1_IRQHandler                         0x080001d7   Thumb Code     0  startup_stm32f10x_md.o(.text)
    EXTI2_IRQHandler                         0x080001d7   Thumb Code     0  startup_stm32f10x_md.o(.text)
    EXTI3_IRQHandler                         0x080001d7   Thumb Code     0  startup_stm32f10x_md.o(.text)
    EXTI4_IRQHandler                         0x080001d7   Thumb Code     0  startup_stm32f10x_md.o(.text)
    EXTI9_5_IRQHandler                       0x080001d7   Thumb Code     0  startup_stm32f10x_md.o(.text)
    FLASH_IRQHandler                         0x080001d7   Thumb Code     0  startup_stm32f10x_md.o(.text)
    I2C1_ER_IRQHandler                       0x080001d7   Thumb Code     0  startup_stm32f10x_md.o(.text)
    I2C1_EV_IRQHandler                       0x080001d7   Thumb Code     0  startup_stm32f10x_md.o(.text)
    I2C2_ER_IRQHandler                       0x080001d7   Thumb Code     0  startup_stm32f10x_md.o(.text)
    I2C2_EV_IRQHandler                       0x080001d7   Thumb Code     0  startup_stm32f10x_md.o(.text)
    PVD_IRQHandler                           0x080001d7   Thumb Code     0  startup_stm32f10x_md.o(.text)
    RCC_IRQHandler                           0x080001d7   Thumb Code     0  startup_stm32f10x_md.o(.text)
    RTCAlarm_IRQHandler                      0x080001d7   Thumb Code     0  startup_stm32f10x_md.o(.text)
    RTC_IRQHandler                           0x080001d7   Thumb Code     0  startup_stm32f10x_md.o(.text)
    SPI1_IRQHandler                          0x080001d7   Thumb Code     0  startup_stm32f10x_md.o(.text)
    SPI2_IRQHandler                          0x080001d7   Thumb Code     0  startup_stm32f10x_md.o(.text)
    TAMPER_IRQHandler                        0x080001d7   Thumb Code     0  startup_stm32f10x_md.o(.text)
    TIM1_BRK_IRQHandler                      0x080001d7   Thumb Code     0  startup_stm32f10x_md.o(.text)
    TIM1_CC_IRQHandler                       0x080001d7   Thumb Code     0  startup_stm32f10x_md.o(.text)
    TIM1_TRG_COM_IRQHandler                  0x080001d7   Thumb Code     0  startup_stm32f10x_md.o(.text)
    TIM1_UP_IRQHandler                       0x080001d7   Thumb Code     0  startup_stm32f10x_md.o(.text)
    TIM3_IRQHandler                          0x080001d7   Thumb Code     0  startup_stm32f10x_md.o(.text)
    TIM4_IRQHandler                          0x080001d7   Thumb Code     0  startup_stm32f10x_md.o(.text)
    USBWakeUp_IRQHandler                     0x080001d7   Thumb Code     0  startup_stm32f10x_md.o(.text)
    USB_HP_CAN1_TX_IRQHandler                0x080001d7   Thumb Code     0  startup_stm32f10x_md.o(.text)
    USB_LP_CAN1_RX0_IRQHandler               0x080001d7   Thumb Code     0  startup_stm32f10x_md.o(.text)
    WWDG_IRQHandler                          0x080001d7   Thumb Code     0  startup_stm32f10x_md.o(.text)
    __user_initial_stackheap                 0x080001d9   Thumb Code     0  startup_stm32f10x_md.o(.text)
    __2printf                                0x080001fd   Thumb Code    20  noretval__2printf.o(.text)
    _printf_pre_padding                      0x08000215   Thumb Code    44  _printf_pad.o(.text)
    _printf_post_padding                     0x08000241   Thumb Code    34  _printf_pad.o(.text)
    _printf_str                              0x08000263   Thumb Code    82  _printf_str.o(.text)
    _printf_int_dec                          0x080002b5   Thumb Code   104  _printf_dec.o(.text)
    __printf                                 0x0800032d   Thumb Code   308  __printf_flags_wp.o(.text)
    __use_two_region_memory                  0x08000465   Thumb Code     2  heapauxi.o(.text)
    __rt_heap_escrow                         0x08000467   Thumb Code     2  heapauxi.o(.text)
    __rt_heap_expand                         0x08000469   Thumb Code     2  heapauxi.o(.text)
    _printf_int_common                       0x0800046b   Thumb Code   178  _printf_intcommon.o(.text)
    __lib_sel_fp_printf                      0x0800051d   Thumb Code     2  _printf_fp_dec.o(.text)
    _printf_fp_dec_real                      0x080006cb   Thumb Code   620  _printf_fp_dec.o(.text)
    _printf_cs_common                        0x08000937   Thumb Code    20  _printf_char.o(.text)
    _printf_char                             0x0800094b   Thumb Code    16  _printf_char.o(.text)
    _printf_string                           0x0800095b   Thumb Code     8  _printf_char.o(.text)
    _printf_char_file                        0x08000965   Thumb Code    32  _printf_char_file.o(.text)
    __rt_locale                              0x08000989   Thumb Code     8  rt_locale_intlibspace.o(.text)
    _ll_udiv10                               0x08000991   Thumb Code   138  lludiv10.o(.text)
    _printf_char_common                      0x08000a27   Thumb Code    32  _printf_char_common.o(.text)
    _printf_fp_infnan                        0x08000a4d   Thumb Code   112  _printf_fp_infnan.o(.text)
    _btod_etento                             0x08000acd   Thumb Code   216  bigflt0.o(.text)
    ferror                                   0x08000ba9   Thumb Code     8  ferror.o(.text)
    _initio                                  0x08000bb1   Thumb Code   210  initio.o(.text)
    _terminateio                             0x08000c83   Thumb Code    56  initio.o(.text)
    _sys_open                                0x08000ce9   Thumb Code    20  sys_io.o(.text)
    _sys_close                               0x08000cfd   Thumb Code    12  sys_io.o(.text)
    _sys_write                               0x08000d09   Thumb Code    16  sys_io.o(.text)
    _sys_read                                0x08000d19   Thumb Code    14  sys_io.o(.text)
    _sys_istty                               0x08000d27   Thumb Code    12  sys_io.o(.text)
    _sys_seek                                0x08000d33   Thumb Code    14  sys_io.o(.text)
    _sys_ensure                              0x08000d41   Thumb Code     2  sys_io.o(.text)
    _sys_flen                                0x08000d43   Thumb Code    12  sys_io.o(.text)
    __user_libspace                          0x08000d51   Thumb Code     8  libspace.o(.text)
    __user_perproc_libspace                  0x08000d51   Thumb Code     0  libspace.o(.text)
    __user_perthread_libspace                0x08000d51   Thumb Code     0  libspace.o(.text)
    __user_setup_stackheap                   0x08000d59   Thumb Code    74  sys_stackheap_outer.o(.text)
    free                                     0x08000da3   Thumb Code    78  h1_free.o(.text)
    setvbuf                                  0x08000df1   Thumb Code    70  setvbuf.o(.text)
    freopen                                  0x08000e39   Thumb Code   158  fopen.o(.text)
    fopen                                    0x08000ed7   Thumb Code    74  fopen.o(.text)
    _fclose_internal                         0x08000f25   Thumb Code    76  fclose.o(.text)
    fclose                                   0x08000f25   Thumb Code     0  fclose.o(.text)
    exit                                     0x08000f71   Thumb Code    18  exit.o(.text)
    __rt_SIGRTRED                            0x08000f83   Thumb Code    14  defsig_rtred_outer.o(.text)
    __aeabi_memclr4                          0x08000f91   Thumb Code     0  rt_memclr_w.o(.text)
    __aeabi_memclr8                          0x08000f91   Thumb Code     0  rt_memclr_w.o(.text)
    __rt_memclr_w                            0x08000f91   Thumb Code    78  rt_memclr_w.o(.text)
    _memset_w                                0x08000f95   Thumb Code     0  rt_memclr_w.o(.text)
    strcmp                                   0x08000fe1   Thumb Code   128  strcmpv7m.o(.text)
    __I$use$semihosting                      0x08001061   Thumb Code     0  use_no_semi.o(.text)
    __use_no_semihosting_swi                 0x08001061   Thumb Code     2  use_no_semi.o(.text)
    __semihosting_library_function           0x08001063   Thumb Code     0  indicate_semi.o(.text)
    __rt_heap_descriptor                     0x08001065   Thumb Code     8  rt_heap_descriptor_intlibspace.o(.text)
    __use_no_heap                            0x0800106d   Thumb Code     2  hguard.o(.text)
    __heap$guard                             0x0800106f   Thumb Code     2  hguard.o(.text)
    _terminate_user_alloc                    0x08001071   Thumb Code     2  init_alloc.o(.text)
    _init_user_alloc                         0x08001073   Thumb Code     2  init_alloc.o(.text)
    __Heap_Full                              0x08001075   Thumb Code    34  init_alloc.o(.text)
    __Heap_Broken                            0x08001097   Thumb Code     6  init_alloc.o(.text)
    _init_alloc                              0x0800109d   Thumb Code    94  init_alloc.o(.text)
    malloc                                   0x080010fb   Thumb Code    94  h1_alloc.o(.text)
    _fseek                                   0x08001159   Thumb Code   242  fseek.o(.text)
    fseek                                    0x08001159   Thumb Code     0  fseek.o(.text)
    _seterr                                  0x08001251   Thumb Code    20  stdio.o(.text)
    _writebuf                                0x08001265   Thumb Code    84  stdio.o(.text)
    _fflush                                  0x080012b9   Thumb Code    70  stdio.o(.text)
    _deferredlazyseek                        0x080012ff   Thumb Code    60  stdio.o(.text)
    __sig_exit                               0x08001341   Thumb Code    10  defsig_exit.o(.text)
    __rt_SIGRTRED_inner                      0x0800134d   Thumb Code    14  defsig_rtred_inner.o(.text)
    _sys_exit                                0x08001381   Thumb Code     8  sys_exit.o(.text)
    __Heap_Initialize                        0x0800138d   Thumb Code    10  h1_init.o(.text)
    __Heap_DescSize                          0x08001397   Thumb Code     4  h1_init.o(.text)
    __Heap_ProvideMemory                     0x0800139b   Thumb Code    52  h1_extend.o(.text)
    _ftell_internal                          0x080013cf   Thumb Code    66  ftell.o(.text)
    ftell                                    0x080013cf   Thumb Code     0  ftell.o(.text)
    __default_signal_display                 0x08001411   Thumb Code    50  defsig_general.o(.text)
    __rt_SIGRTMEM                            0x08001443   Thumb Code    14  defsig_rtmem_outer.o(.text)
    _ttywrch                                 0x08001451   Thumb Code    14  sys_wrch.o(.text)
    __aeabi_errno_addr                       0x08001461   Thumb Code     8  rt_errno_addr_intlibspace.o(.text)
    __errno$intlibspace                      0x08001461   Thumb Code     0  rt_errno_addr_intlibspace.o(.text)
    __rt_errno_addr$intlibspace              0x08001461   Thumb Code     0  rt_errno_addr_intlibspace.o(.text)
    __rt_SIGRTMEM_inner                      0x08001469   Thumb Code    22  defsig_rtmem_inner.o(.text)
    _btod_d2e                                0x080014b9   Thumb Code    62  btod.o(CL$$btod_d2e)
    _d2e_denorm_low                          0x080014f7   Thumb Code    70  btod.o(CL$$btod_d2e_denorm_low)
    _d2e_norm_op1                            0x0800153d   Thumb Code    96  btod.o(CL$$btod_d2e_norm_op1)
    __btod_div_common                        0x0800159d   Thumb Code   696  btod.o(CL$$btod_div_common)
    _e2e                                     0x080018d5   Thumb Code   198  btod.o(CL$$btod_e2e)
    _btod_ediv                               0x0800199b   Thumb Code    40  btod.o(CL$$btod_ediv)
    _btod_emul                               0x080019c3   Thumb Code    40  btod.o(CL$$btod_emul)
    __btod_mult_common                       0x080019eb   Thumb Code   580  btod.o(CL$$btod_mult_common)
    BEBufToUint16                            0x08001c2f   Thumb Code    12  usart.o(i.BEBufToUint16)
    CRC16_Modbus                             0x08001c3d   Thumb Code    48  crc16.o(i.CRC16_Modbus)
    DS12C887                                 0x08001cc1   Thumb Code    84  back.o(i.DS12C887)
    DS12C887_Init                            0x08001d19   Thumb Code   158  back.o(i.DS12C887_Init)
    DS12C887_printf                          0x08001dc1   Thumb Code   144  back.o(i.DS12C887_printf)
    FSMC_NORSRAMCmd                          0x08001ea9   Thumb Code    46  stm32f10x_fsmc.o(i.FSMC_NORSRAMCmd)
    FSMC_NORSRAMInit                         0x08001edd   Thumb Code   230  stm32f10x_fsmc.o(i.FSMC_NORSRAMInit)
    FSMC_NORSRAMStructInit                   0x08001fc3   Thumb Code   114  stm32f10x_fsmc.o(i.FSMC_NORSRAMStructInit)
    GPIO                                     0x08002035   Thumb Code   100  back.o(i.GPIO)
    GPIO_DeInit                              0x080020a9   Thumb Code   172  stm32f10x_gpio.o(i.GPIO_DeInit)
    GPIO_Init                                0x08002171   Thumb Code   278  stm32f10x_gpio.o(i.GPIO_Init)
    GPIO_PinRemapConfig                      0x08002289   Thumb Code   138  stm32f10x_gpio.o(i.GPIO_PinRemapConfig)
    GPIO_ReadInputData                       0x08002319   Thumb Code     8  stm32f10x_gpio.o(i.GPIO_ReadInputData)
    GPIO_ReadOutputData                      0x08002321   Thumb Code     8  stm32f10x_gpio.o(i.GPIO_ReadOutputData)
    GPIO_ReadOutputDataBit                   0x08002329   Thumb Code    18  stm32f10x_gpio.o(i.GPIO_ReadOutputDataBit)
    GPIO_ResetBits                           0x0800233b   Thumb Code     4  stm32f10x_gpio.o(i.GPIO_ResetBits)
    GPIO_SetBits                             0x0800233f   Thumb Code     4  stm32f10x_gpio.o(i.GPIO_SetBits)
    GPIO_Write                               0x08002343   Thumb Code     4  stm32f10x_gpio.o(i.GPIO_Write)
    GPIO_WriteBit                            0x08002347   Thumb Code    10  stm32f10x_gpio.o(i.GPIO_WriteBit)
    LCD_DLY_ms                               0x08002529   Thumb Code    28  oled.o(i.LCD_DLY_ms)
    LCD_Fill                                 0x08002545   Thumb Code    58  oled.o(i.LCD_Fill)
    LCD_Init                                 0x08002581   Thumb Code   222  oled.o(i.LCD_Init)
    LCD_P16x16Str                            0x08002665   Thumb Code   254  oled.o(i.LCD_P16x16Str)
    LCD_P6x8Str                              0x08002763   Thumb Code    96  oled.o(i.LCD_P6x8Str)
    LCD_P8x16Str                             0x080027c3   Thumb Code   130  oled.o(i.LCD_P8x16Str)
    LCD_Print                                0x08002845   Thumb Code   142  oled.o(i.LCD_Print)
    LCD_Set_Pos                              0x080028e5   Thumb Code    42  oled.o(i.LCD_Set_Pos)
    LCD_WrCmd                                0x08002911   Thumb Code    88  oled.o(i.LCD_WrCmd)
    LCD_WrDat                                0x08002971   Thumb Code    88  oled.o(i.LCD_WrDat)
    MODH_Poll                                0x08002a2d   Thumb Code    62  modbus.o(i.MODH_Poll)
    MODH_ReciveNew                           0x08002c2d   Thumb Code    58  modbus.o(i.MODH_ReciveNew)
    NVIC_Init                                0x08002c81   Thumb Code   100  misc.o(i.NVIC_Init)
    NVIC_PriorityGroupConfig                 0x08002cf1   Thumb Code    10  misc.o(i.NVIC_PriorityGroupConfig)
    RCC_AHBPeriphClockCmd                    0x08002d05   Thumb Code    26  stm32f10x_rcc.o(i.RCC_AHBPeriphClockCmd)
    RCC_APB1PeriphClockCmd                   0x08002d25   Thumb Code    26  stm32f10x_rcc.o(i.RCC_APB1PeriphClockCmd)
    RCC_APB1PeriphResetCmd                   0x08002d45   Thumb Code    26  stm32f10x_rcc.o(i.RCC_APB1PeriphResetCmd)
    RCC_APB2PeriphClockCmd                   0x08002d65   Thumb Code    26  stm32f10x_rcc.o(i.RCC_APB2PeriphClockCmd)
    RCC_APB2PeriphResetCmd                   0x08002d85   Thumb Code    26  stm32f10x_rcc.o(i.RCC_APB2PeriphResetCmd)
    RCC_GetClocksFreq                        0x08002da5   Thumb Code   192  stm32f10x_rcc.o(i.RCC_GetClocksFreq)
    RS485_InitTXE                            0x08002e79   Thumb Code    38  usart.o(i.RS485_InitTXE)
    RS485_ReciveNew                          0x08002ea5   Thumb Code    12  usart.o(i.RS485_ReciveNew)
    RS485_SendBefor                          0x08002eb1   Thumb Code    10  usart.o(i.RS485_SendBefor)
    RS485_SendOver                           0x08002ec1   Thumb Code    10  usart.o(i.RS485_SendOver)
    SPI_Cmd                                  0x08002ed1   Thumb Code    24  stm32f10x_spi.o(i.SPI_Cmd)
    SPI_Fram_Init                            0x08002ee9   Thumb Code   200  fram.o(i.SPI_Fram_Init)
    SPI_I2S_DeInit                           0x08002fb9   Thumb Code    76  stm32f10x_spi.o(i.SPI_I2S_DeInit)
    SPI_I2S_GetFlagStatus                    0x08003011   Thumb Code    18  stm32f10x_spi.o(i.SPI_I2S_GetFlagStatus)
    SPI_I2S_ReceiveData                      0x08003023   Thumb Code     6  stm32f10x_spi.o(i.SPI_I2S_ReceiveData)
    SPI_I2S_SendData                         0x08003029   Thumb Code     4  stm32f10x_spi.o(i.SPI_I2S_SendData)
    SPI_Init                                 0x0800302d   Thumb Code    60  stm32f10x_spi.o(i.SPI_Init)
    SPIx_ReadWriteByte                       0x08003069   Thumb Code    78  fram.o(i.SPIx_ReadWriteByte)
    Service_Init                             0x080030bd   Thumb Code   116  main.o(i.Service_Init)
    SysTick_Handler                          0x08003245   Thumb Code     8  timer.o(i.SysTick_Handler)
    SysTick_ISR                              0x0800324d   Thumb Code   102  timer.o(i.SysTick_ISR)
    SystemInit                               0x080032c9   Thumb Code    78  system_stm32f10x.o(i.SystemInit)
    TIM2_IRQHandler                          0x08003329   Thumb Code   140  timer.o(i.TIM2_IRQHandler)
    TIM_ClearITPendingBit                    0x080033c5   Thumb Code     6  stm32f10x_tim.o(i.TIM_ClearITPendingBit)
    TIM_Cmd                                  0x080033cb   Thumb Code    24  stm32f10x_tim.o(i.TIM_Cmd)
    TIM_GetCounter                           0x080033e3   Thumb Code     6  stm32f10x_tim.o(i.TIM_GetCounter)
    TIM_GetITStatus                          0x080033e9   Thumb Code    34  stm32f10x_tim.o(i.TIM_GetITStatus)
    TIM_ITConfig                             0x0800340b   Thumb Code    18  stm32f10x_tim.o(i.TIM_ITConfig)
    TIM_SetCompare1                          0x0800341d   Thumb Code     4  stm32f10x_tim.o(i.TIM_SetCompare1)
    TIM_SetCompare2                          0x08003421   Thumb Code     4  stm32f10x_tim.o(i.TIM_SetCompare2)
    TIM_SetCompare3                          0x08003425   Thumb Code     4  stm32f10x_tim.o(i.TIM_SetCompare3)
    TIM_SetCompare4                          0x08003429   Thumb Code     6  stm32f10x_tim.o(i.TIM_SetCompare4)
    TIM_TimeBaseInit                         0x08003431   Thumb Code   122  stm32f10x_tim.o(i.TIM_TimeBaseInit)
    USART1_IRQHandler                        0x080034d5   Thumb Code    10  usart.o(i.USART1_IRQHandler)
    USART2_IRQHandler                        0x080034e5   Thumb Code    10  usart.o(i.USART2_IRQHandler)
    USART3_IRQHandler                        0x080034f5   Thumb Code    10  usart.o(i.USART3_IRQHandler)
    USART_ClearFlag                          0x08003505   Thumb Code    18  stm32f10x_usart.o(i.USART_ClearFlag)
    USART_Cmd                                0x08003517   Thumb Code    24  stm32f10x_usart.o(i.USART_Cmd)
    USART_GetITStatus                        0x0800352f   Thumb Code    84  stm32f10x_usart.o(i.USART_GetITStatus)
    USART_ITConfig                           0x08003583   Thumb Code    74  stm32f10x_usart.o(i.USART_ITConfig)
    USART_Init                               0x080035cd   Thumb Code   210  stm32f10x_usart.o(i.USART_Init)
    USART_ReceiveData                        0x080036a5   Thumb Code    10  stm32f10x_usart.o(i.USART_ReceiveData)
    USART_SendData                           0x080036af   Thumb Code     8  stm32f10x_usart.o(i.USART_SendData)
    __ARM_fpclassify                         0x08003861   Thumb Code    40  fpclassify.o(i.__ARM_fpclassify)
    _is_digit                                0x08003889   Thumb Code    14  __printf_wp.o(i._is_digit)
    bsp_InitHardTimer                        0x08003899   Thumb Code    96  timer.o(i.bsp_InitHardTimer)
    bsp_InitTimer                            0x08003901   Thumb Code   140  timer.o(i.bsp_InitTimer)
    bsp_InitUart                             0x0800399d   Thumb Code    20  usart.o(i.bsp_InitUart)
    bsp_StartHardTimer                       0x080039cd   Thumb Code   184  timer.o(i.bsp_StartHardTimer)
    delay_ms                                 0x08003a95   Thumb Code    40  delay.o(i.delay_ms)
    delay_us                                 0x08003abd   Thumb Code    28  delay.o(i.delay_us)
    digitalin                                0x08003ad9   Thumb Code    56  digital.o(i.digitalin)
    digitalout                               0x08003b19   Thumb Code    64  digital.o(i.digitalout)
    fputc                                    0x08003b5d   Thumb Code    16  printer.o(i.fputc)
    keyInit                                  0x08003b6d   Thumb Code    52  keyboard.o(i.keyInit)
    keyscan                                  0x08003ba9   Thumb Code   106  keyboard.o(i.keyscan)
    lcd                                      0x08003c1d   Thumb Code   210  back.o(i.lcd)
    main                                     0x08003d19   Thumb Code    64  main.o(i.main)
    oled                                     0x08003d61   Thumb Code   176  back.o(i.oled)
    pid_add                                  0x08003e55   Thumb Code    54  pid.o(i.pid_add)
    pid_init                                 0x08003e95   Thumb Code    24  pidp.o(i.pid_init)
    pid_realise                              0x08003ead   Thumb Code   160  pid.o(i.pid_realise)
    print_one                                0x08003f51   Thumb Code   114  printer.o(i.print_one)
    printerInit                              0x08003fc9   Thumb Code    54  printer.o(i.printerInit)
    strlen                                   0x08004005   Thumb Code    18  usart.o(i.strlen)
    _get_lc_numeric                          0x08004019   Thumb Code    44  lc_numeric_c.o(locale$$code)
    __fpl_dretinf                            0x08004045   Thumb Code    12  dretinf.o(x$fpl$dretinf)
    __aeabi_f2d                              0x08004051   Thumb Code     0  f2d.o(x$fpl$f2d)
    _f2d                                     0x08004051   Thumb Code    86  f2d.o(x$fpl$f2d)
    __aeabi_fadd                             0x080040a9   Thumb Code     0  faddsub_clz.o(x$fpl$fadd)
    _fadd                                    0x080040a9   Thumb Code   196  faddsub_clz.o(x$fpl$fadd)
    __aeabi_fmul                             0x0800416d   Thumb Code     0  fmul.o(x$fpl$fmul)
    _fmul                                    0x0800416d   Thumb Code   258  fmul.o(x$fpl$fmul)
    __fpl_fnaninf                            0x0800426f   Thumb Code   140  fnaninf.o(x$fpl$fnaninf)
    __fpl_fretinf                            0x080042fb   Thumb Code    10  fretinf.o(x$fpl$fretinf)
    __aeabi_frsub                            0x08004305   Thumb Code     0  faddsub_clz.o(x$fpl$frsb)
    _frsb                                    0x08004305   Thumb Code    20  faddsub_clz.o(x$fpl$frsb)
    __aeabi_fsub                             0x08004319   Thumb Code     0  faddsub_clz.o(x$fpl$fsub)
    _fsub                                    0x08004319   Thumb Code   234  faddsub_clz.o(x$fpl$fsub)
    _printf_fp_dec                           0x08004403   Thumb Code     4  printf1.o(x$fpl$printf1)
    __I$use$fp                               0x08004406   Number         0  usenofp.o(x$fpl$usenofp)
    F6x8                                     0x08004606   Data         552  oled.o(.constdata)
    F16x16_Idx                               0x0800482e   Data         153  oled.o(.constdata)
    F16x16                                   0x080048c7   Data        2432  oled.o(.constdata)
    F8X16                                    0x08005247   Data        1520  oled.o(.constdata)
    nonside                                  0x08005837   Data          32  oled.o(.constdata)
    __stdin_name                             0x080058fc   Data           4  sys_io.o(.constdata)
    __stdout_name                            0x08005900   Data           4  sys_io.o(.constdata)
    __stderr_name                            0x08005904   Data           4  sys_io.o(.constdata)
    Region$$Table$$Base                      0x08005908   Number         0  anon$$obj.o(Region$$Table)
    Region$$Table$$Limit                     0x08005928   Number         0  anon$$obj.o(Region$$Table)
    g_modh_timeout                           0x20000000   Data           1  modbus.o(.data)
    g_iRunTime                               0x2000000c   Data           4  timer.o(.data)
    SystemCoreClock                          0x20000038   Data           4  system_stm32f10x.o(.data)
    AHBPrescTable                            0x2000003c   Data          16  system_stm32f10x.o(.data)
    __aeabi_stdin                            0x2000004c   Data           4  stdio_streams.o(.data)
    __aeabi_stdout                           0x20000050   Data           4  stdio_streams.o(.data)
    __aeabi_stderr                           0x20000054   Data           4  stdio_streams.o(.data)
    g_tModH                                  0x20000058   Data         214  modbus.o(.bss)
    g_tVar                                   0x2000012e   Data          20  modbus.o(.bss)
    pid                                      0x200019ec   Data          32  pid.o(.bss)
    a                                        0x20001a0c   Data          32  back.o(.bss)
    __stdin                                  0x20001a2c   Data          84  stdio_streams.o(.bss)
    __stdout                                 0x20001a80   Data          84  stdio_streams.o(.bss)
    __stderr                                 0x20001ad4   Data          84  stdio_streams.o(.bss)
    __libspace_start                         0x20001b28   Data          96  libspace.o(.bss)
    __temporary_stack_top$libspace           0x20001b88   Data           0  libspace.o(.bss)



==============================================================================

Memory Map of the image

  Image Entry point : 0x080000ed

  Load Region LR_IROM1 (Base: 0x08000000, Size: 0x0000599c, Max: 0x00020000, ABSOLUTE)

    Execution Region ER_IROM1 (Base: 0x08000000, Size: 0x00005944, Max: 0x00020000, ABSOLUTE)

    Base Addr    Size         Type   Attr      Idx    E Section Name        Object

    0x08000000   0x000000ec   Data   RO         2440    RESET               startup_stm32f10x_md.o
    0x080000ec   0x00000008   Code   RO         2663  * !!!main             c_w.l(__main.o)
    0x080000f4   0x00000034   Code   RO         3056    !!!scatter          c_w.l(__scatter.o)
    0x08000128   0x0000001a   Code   RO         3058    !!handler_copy      c_w.l(__scatter_copy.o)
    0x08000142   0x00000002   PAD
    0x08000144   0x0000001c   Code   RO         3060    !!handler_zi        c_w.l(__scatter_zi.o)
    0x08000160   0x00000000   Code   RO         2660    .ARM.Collect$$_printf_percent$$00000000  c_w.l(_printf_percent.o)
    0x08000160   0x00000006   Code   RO         2659    .ARM.Collect$$_printf_percent$$00000003  c_w.l(_printf_f.o)
    0x08000166   0x00000006   Code   RO         2658    .ARM.Collect$$_printf_percent$$00000009  c_w.l(_printf_d.o)
    0x0800016c   0x00000006   Code   RO         2657    .ARM.Collect$$_printf_percent$$00000013  c_w.l(_printf_c.o)
    0x08000172   0x00000004   Code   RO         2692    .ARM.Collect$$_printf_percent$$00000017  c_w.l(_printf_percent_end.o)
    0x08000176   0x00000002   Code   RO         2868    .ARM.Collect$$libinit$$00000000  c_w.l(libinit.o)
    0x08000178   0x00000000   Code   RO         2870    .ARM.Collect$$libinit$$00000002  c_w.l(libinit2.o)
    0x08000178   0x00000000   Code   RO         2872    .ARM.Collect$$libinit$$00000004  c_w.l(libinit2.o)
    0x08000178   0x00000008   Code   RO         2873    .ARM.Collect$$libinit$$00000005  c_w.l(libinit2.o)
    0x08000180   0x00000000   Code   RO         2875    .ARM.Collect$$libinit$$0000000A  c_w.l(libinit2.o)
    0x08000180   0x00000000   Code   RO         2877    .ARM.Collect$$libinit$$0000000C  c_w.l(libinit2.o)
    0x08000180   0x00000000   Code   RO         2879    .ARM.Collect$$libinit$$0000000E  c_w.l(libinit2.o)
    0x08000180   0x00000006   Code   RO         2880    .ARM.Collect$$libinit$$0000000F  c_w.l(libinit2.o)
    0x08000186   0x00000000   Code   RO         2882    .ARM.Collect$$libinit$$00000011  c_w.l(libinit2.o)
    0x08000186   0x00000000   Code   RO         2884    .ARM.Collect$$libinit$$00000013  c_w.l(libinit2.o)
    0x08000186   0x00000000   Code   RO         2886    .ARM.Collect$$libinit$$00000015  c_w.l(libinit2.o)
    0x08000186   0x0000000a   Code   RO         2887    .ARM.Collect$$libinit$$00000016  c_w.l(libinit2.o)
    0x08000190   0x00000000   Code   RO         2888    .ARM.Collect$$libinit$$00000017  c_w.l(libinit2.o)
    0x08000190   0x00000000   Code   RO         2890    .ARM.Collect$$libinit$$00000019  c_w.l(libinit2.o)
    0x08000190   0x00000000   Code   RO         2892    .ARM.Collect$$libinit$$0000001B  c_w.l(libinit2.o)
    0x08000190   0x00000000   Code   RO         2894    .ARM.Collect$$libinit$$0000001D  c_w.l(libinit2.o)
    0x08000190   0x00000000   Code   RO         2896    .ARM.Collect$$libinit$$0000001F  c_w.l(libinit2.o)
    0x08000190   0x00000000   Code   RO         2898    .ARM.Collect$$libinit$$00000021  c_w.l(libinit2.o)
    0x08000190   0x00000000   Code   RO         2900    .ARM.Collect$$libinit$$00000023  c_w.l(libinit2.o)
    0x08000190   0x00000004   Code   RO         2901    .ARM.Collect$$libinit$$00000024  c_w.l(libinit2.o)
    0x08000194   0x00000000   Code   RO         2902    .ARM.Collect$$libinit$$00000025  c_w.l(libinit2.o)
    0x08000194   0x00000000   Code   RO         2906    .ARM.Collect$$libinit$$0000002C  c_w.l(libinit2.o)
    0x08000194   0x00000000   Code   RO         2908    .ARM.Collect$$libinit$$0000002E  c_w.l(libinit2.o)
    0x08000194   0x00000000   Code   RO         2910    .ARM.Collect$$libinit$$00000030  c_w.l(libinit2.o)
    0x08000194   0x00000000   Code   RO         2912    .ARM.Collect$$libinit$$00000032  c_w.l(libinit2.o)
    0x08000194   0x00000002   Code   RO         2913    .ARM.Collect$$libinit$$00000033  c_w.l(libinit2.o)
    0x08000196   0x00000002   Code   RO         3035    .ARM.Collect$$libshutdown$$00000000  c_w.l(libshutdown.o)
    0x08000198   0x00000000   Code   RO         2915    .ARM.Collect$$libshutdown$$00000002  c_w.l(libshutdown2.o)
    0x08000198   0x00000004   Code   RO         2916    .ARM.Collect$$libshutdown$$00000003  c_w.l(libshutdown2.o)
    0x0800019c   0x00000000   Code   RO         2917    .ARM.Collect$$libshutdown$$00000004  c_w.l(libshutdown2.o)
    0x0800019c   0x00000000   Code   RO         2920    .ARM.Collect$$libshutdown$$00000007  c_w.l(libshutdown2.o)
    0x0800019c   0x00000000   Code   RO         2923    .ARM.Collect$$libshutdown$$0000000A  c_w.l(libshutdown2.o)
    0x0800019c   0x00000000   Code   RO         2925    .ARM.Collect$$libshutdown$$0000000C  c_w.l(libshutdown2.o)
    0x0800019c   0x00000000   Code   RO         2928    .ARM.Collect$$libshutdown$$0000000F  c_w.l(libshutdown2.o)
    0x0800019c   0x00000002   Code   RO         2929    .ARM.Collect$$libshutdown$$00000010  c_w.l(libshutdown2.o)
    0x0800019e   0x00000000   Code   RO         2683    .ARM.Collect$$rtentry$$00000000  c_w.l(__rtentry.o)
    0x0800019e   0x00000000   Code   RO         2707    .ARM.Collect$$rtentry$$00000002  c_w.l(__rtentry2.o)
    0x0800019e   0x00000006   Code   RO         2719    .ARM.Collect$$rtentry$$00000004  c_w.l(__rtentry4.o)
    0x080001a4   0x00000000   Code   RO         2709    .ARM.Collect$$rtentry$$00000009  c_w.l(__rtentry2.o)
    0x080001a4   0x00000004   Code   RO         2710    .ARM.Collect$$rtentry$$0000000A  c_w.l(__rtentry2.o)
    0x080001a8   0x00000000   Code   RO         2712    .ARM.Collect$$rtentry$$0000000C  c_w.l(__rtentry2.o)
    0x080001a8   0x00000008   Code   RO         2713    .ARM.Collect$$rtentry$$0000000D  c_w.l(__rtentry2.o)
    0x080001b0   0x00000002   Code   RO         2933    .ARM.Collect$$rtexit$$00000000  c_w.l(rtexit.o)
    0x080001b2   0x00000000   Code   RO         2981    .ARM.Collect$$rtexit$$00000002  c_w.l(rtexit2.o)
    0x080001b2   0x00000004   Code   RO         2982    .ARM.Collect$$rtexit$$00000003  c_w.l(rtexit2.o)
    0x080001b6   0x00000006   Code   RO         2983    .ARM.Collect$$rtexit$$00000004  c_w.l(rtexit2.o)
    0x080001bc   0x00000000   Code   RO         2987    .emb_text           c_w.l(maybetermalloc1.o)
    0x080001bc   0x00000040   Code   RO         2441    .text               startup_stm32f10x_md.o
    0x080001fc   0x00000018   Code   RO         2627    .text               c_w.l(noretval__2printf.o)
    0x08000214   0x0000004e   Code   RO         2631    .text               c_w.l(_printf_pad.o)
    0x08000262   0x00000052   Code   RO         2633    .text               c_w.l(_printf_str.o)
    0x080002b4   0x00000078   Code   RO         2635    .text               c_w.l(_printf_dec.o)
    0x0800032c   0x00000138   Code   RO         2649    .text               c_w.l(__printf_flags_wp.o)
    0x08000464   0x00000006   Code   RO         2661    .text               c_w.l(heapauxi.o)
    0x0800046a   0x000000b2   Code   RO         2684    .text               c_w.l(_printf_intcommon.o)
    0x0800051c   0x0000041a   Code   RO         2686    .text               c_w.l(_printf_fp_dec.o)
    0x08000936   0x0000002c   Code   RO         2688    .text               c_w.l(_printf_char.o)
    0x08000962   0x00000002   PAD
    0x08000964   0x00000024   Code   RO         2690    .text               c_w.l(_printf_char_file.o)
    0x08000988   0x00000008   Code   RO         2724    .text               c_w.l(rt_locale_intlibspace.o)
    0x08000990   0x0000008a   Code   RO         2726    .text               c_w.l(lludiv10.o)
    0x08000a1a   0x00000002   PAD
    0x08000a1c   0x00000030   Code   RO         2728    .text               c_w.l(_printf_char_common.o)
    0x08000a4c   0x00000080   Code   RO         2730    .text               c_w.l(_printf_fp_infnan.o)
    0x08000acc   0x000000dc   Code   RO         2732    .text               c_w.l(bigflt0.o)
    0x08000ba8   0x00000008   Code   RO         2757    .text               c_w.l(ferror.o)
    0x08000bb0   0x00000138   Code   RO         2759    .text               c_w.l(initio.o)
    0x08000ce8   0x00000066   Code   RO         2772    .text               c_w.l(sys_io.o)
    0x08000d4e   0x00000002   PAD
    0x08000d50   0x00000008   Code   RO         2777    .text               c_w.l(libspace.o)
    0x08000d58   0x0000004a   Code   RO         2782    .text               c_w.l(sys_stackheap_outer.o)
    0x08000da2   0x0000004e   Code   RO         2786    .text               c_w.l(h1_free.o)
    0x08000df0   0x00000046   Code   RO         2842    .text               c_w.l(setvbuf.o)
    0x08000e36   0x00000002   PAD
    0x08000e38   0x000000ec   Code   RO         2845    .text               c_w.l(fopen.o)
    0x08000f24   0x0000004c   Code   RO         2847    .text               c_w.l(fclose.o)
    0x08000f70   0x00000012   Code   RO         2853    .text               c_w.l(exit.o)
    0x08000f82   0x0000000e   Code   RO         2855    .text               c_w.l(defsig_rtred_outer.o)
    0x08000f90   0x0000004e   Code   RO         2859    .text               c_w.l(rt_memclr_w.o)
    0x08000fde   0x00000002   PAD
    0x08000fe0   0x00000080   Code   RO         2861    .text               c_w.l(strcmpv7m.o)
    0x08001060   0x00000002   Code   RO         2930    .text               c_w.l(use_no_semi.o)
    0x08001062   0x00000000   Code   RO         2932    .text               c_w.l(indicate_semi.o)
    0x08001062   0x00000002   PAD
    0x08001064   0x00000008   Code   RO         2940    .text               c_w.l(rt_heap_descriptor_intlibspace.o)
    0x0800106c   0x00000004   Code   RO         2942    .text               c_w.l(hguard.o)
    0x08001070   0x0000008a   Code   RO         2944    .text               c_w.l(init_alloc.o)
    0x080010fa   0x0000005e   Code   RO         2950    .text               c_w.l(h1_alloc.o)
    0x08001158   0x000000f8   Code   RO         2964    .text               c_w.l(fseek.o)
    0x08001250   0x000000f0   Code   RO         2966    .text               c_w.l(stdio.o)
    0x08001340   0x0000000a   Code   RO         2968    .text               c_w.l(defsig_exit.o)
    0x0800134a   0x00000002   PAD
    0x0800134c   0x00000034   Code   RO         2970    .text               c_w.l(defsig_rtred_inner.o)
    0x08001380   0x0000000c   Code   RO         2978    .text               c_w.l(sys_exit.o)
    0x0800138c   0x0000000e   Code   RO         2989    .text               c_w.l(h1_init.o)
    0x0800139a   0x00000034   Code   RO         2991    .text               c_w.l(h1_extend.o)
    0x080013ce   0x00000042   Code   RO         2997    .text               c_w.l(ftell.o)
    0x08001410   0x00000032   Code   RO         3001    .text               c_w.l(defsig_general.o)
    0x08001442   0x0000000e   Code   RO         3003    .text               c_w.l(defsig_rtmem_outer.o)
    0x08001450   0x0000000e   Code   RO         3016    .text               c_w.l(sys_wrch.o)
    0x0800145e   0x00000002   PAD
    0x08001460   0x00000008   Code   RO         3023    .text               c_w.l(rt_errno_addr_intlibspace.o)
    0x08001468   0x00000050   Code   RO         3029    .text               c_w.l(defsig_rtmem_inner.o)
    0x080014b8   0x0000003e   Code   RO         2735    CL$$btod_d2e        c_w.l(btod.o)
    0x080014f6   0x00000046   Code   RO         2737    CL$$btod_d2e_denorm_low  c_w.l(btod.o)
    0x0800153c   0x00000060   Code   RO         2736    CL$$btod_d2e_norm_op1  c_w.l(btod.o)
    0x0800159c   0x00000338   Code   RO         2745    CL$$btod_div_common  c_w.l(btod.o)
    0x080018d4   0x000000c6   Code   RO         2742    CL$$btod_e2e        c_w.l(btod.o)
    0x0800199a   0x00000028   Code   RO         2739    CL$$btod_ediv       c_w.l(btod.o)
    0x080019c2   0x00000028   Code   RO         2738    CL$$btod_emul       c_w.l(btod.o)
    0x080019ea   0x00000244   Code   RO         2744    CL$$btod_mult_common  c_w.l(btod.o)
    0x08001c2e   0x0000000c   Code   RO          427    i.BEBufToUint16     usart.o
    0x08001c3a   0x00000002   PAD
    0x08001c3c   0x00000038   Code   RO          401    i.CRC16_Modbus      crc16.o
    0x08001c74   0x0000004a   Code   RO          429    i.ConfigUartNVIC    usart.o
    0x08001cbe   0x00000002   PAD
    0x08001cc0   0x00000058   Code   RO         1071    i.DS12C887          back.o
    0x08001d18   0x000000a8   Code   RO         1072    i.DS12C887_Init     back.o
    0x08001dc0   0x000000e8   Code   RO         1073    i.DS12C887_printf   back.o
    0x08001ea8   0x00000034   Code   RO         2505    i.FSMC_NORSRAMCmd   stm32f10x_fsmc.o
    0x08001edc   0x000000e6   Code   RO         2507    i.FSMC_NORSRAMInit  stm32f10x_fsmc.o
    0x08001fc2   0x00000072   Code   RO         2508    i.FSMC_NORSRAMStructInit  stm32f10x_fsmc.o
    0x08002034   0x00000074   Code   RO         1074    i.GPIO              back.o
    0x080020a8   0x000000c8   Code   RO         1196    i.GPIO_DeInit       stm32f10x_gpio.o
    0x08002170   0x00000116   Code   RO         1201    i.GPIO_Init         stm32f10x_gpio.o
    0x08002286   0x00000002   PAD
    0x08002288   0x00000090   Code   RO         1203    i.GPIO_PinRemapConfig  stm32f10x_gpio.o
    0x08002318   0x00000008   Code   RO         1204    i.GPIO_ReadInputData  stm32f10x_gpio.o
    0x08002320   0x00000008   Code   RO         1206    i.GPIO_ReadOutputData  stm32f10x_gpio.o
    0x08002328   0x00000012   Code   RO         1207    i.GPIO_ReadOutputDataBit  stm32f10x_gpio.o
    0x0800233a   0x00000004   Code   RO         1208    i.GPIO_ResetBits    stm32f10x_gpio.o
    0x0800233e   0x00000004   Code   RO         1209    i.GPIO_SetBits      stm32f10x_gpio.o
    0x08002342   0x00000004   Code   RO         1211    i.GPIO_Write        stm32f10x_gpio.o
    0x08002346   0x0000000a   Code   RO         1212    i.GPIO_WriteBit     stm32f10x_gpio.o
    0x08002350   0x000001d8   Code   RO          430    i.InitHardUart      usart.o
    0x08002528   0x0000001c   Code   RO          916    i.LCD_DLY_ms        oled.o
    0x08002544   0x0000003a   Code   RO          917    i.LCD_Fill          oled.o
    0x0800257e   0x00000002   PAD
    0x08002580   0x000000e4   Code   RO          918    i.LCD_Init          oled.o
    0x08002664   0x000000fe   Code   RO          920    i.LCD_P16x16Str     oled.o
    0x08002762   0x00000060   Code   RO          921    i.LCD_P6x8Str       oled.o
    0x080027c2   0x00000082   Code   RO          922    i.LCD_P8x16Str      oled.o
    0x08002844   0x000000a0   Code   RO          923    i.LCD_Print         oled.o
    0x080028e4   0x0000002a   Code   RO          927    i.LCD_Set_Pos       oled.o
    0x0800290e   0x00000002   PAD
    0x08002910   0x00000060   Code   RO          928    i.LCD_WrCmd         oled.o
    0x08002970   0x00000060   Code   RO          929    i.LCD_WrDat         oled.o
    0x080029d0   0x0000005c   Code   RO          214    i.MODH_AnalyzeApp   modbus.o
    0x08002a2c   0x00000048   Code   RO          215    i.MODH_Poll         modbus.o
    0x08002a74   0x00000068   Code   RO          220    i.MODH_Read_01H     modbus.o
    0x08002adc   0x0000005c   Code   RO          221    i.MODH_Read_02H     modbus.o
    0x08002b38   0x00000050   Code   RO          222    i.MODH_Read_03H     modbus.o
    0x08002b88   0x00000044   Code   RO          223    i.MODH_Read_04H     modbus.o
    0x08002bcc   0x00000020   Code   RO          224    i.MODH_Read_05H     modbus.o
    0x08002bec   0x00000020   Code   RO          225    i.MODH_Read_06H     modbus.o
    0x08002c0c   0x00000020   Code   RO          226    i.MODH_Read_10H     modbus.o
    0x08002c2c   0x00000048   Code   RO          227    i.MODH_ReciveNew    modbus.o
    0x08002c74   0x0000000c   Code   RO          228    i.MODH_RxTimeOut    modbus.o
    0x08002c80   0x00000070   Code   RO         1147    i.NVIC_Init         misc.o
    0x08002cf0   0x00000014   Code   RO         1148    i.NVIC_PriorityGroupConfig  misc.o
    0x08002d04   0x00000020   Code   RO         1322    i.RCC_AHBPeriphClockCmd  stm32f10x_rcc.o
    0x08002d24   0x00000020   Code   RO         1323    i.RCC_APB1PeriphClockCmd  stm32f10x_rcc.o
    0x08002d44   0x00000020   Code   RO         1324    i.RCC_APB1PeriphResetCmd  stm32f10x_rcc.o
    0x08002d64   0x00000020   Code   RO         1325    i.RCC_APB2PeriphClockCmd  stm32f10x_rcc.o
    0x08002d84   0x00000020   Code   RO         1326    i.RCC_APB2PeriphResetCmd  stm32f10x_rcc.o
    0x08002da4   0x000000d4   Code   RO         1333    i.RCC_GetClocksFreq  stm32f10x_rcc.o
    0x08002e78   0x0000002c   Code   RO          431    i.RS485_InitTXE     usart.o
    0x08002ea4   0x0000000c   Code   RO          432    i.RS485_ReciveNew   usart.o
    0x08002eb0   0x00000010   Code   RO          433    i.RS485_SendBefor   usart.o
    0x08002ec0   0x00000010   Code   RO          435    i.RS485_SendOver    usart.o
    0x08002ed0   0x00000018   Code   RO         1538    i.SPI_Cmd           stm32f10x_spi.o
    0x08002ee8   0x000000d0   Code   RO            6    i.SPI_Fram_Init     fram.o
    0x08002fb8   0x00000058   Code   RO         1545    i.SPI_I2S_DeInit    stm32f10x_spi.o
    0x08003010   0x00000012   Code   RO         1546    i.SPI_I2S_GetFlagStatus  stm32f10x_spi.o
    0x08003022   0x00000006   Code   RO         1549    i.SPI_I2S_ReceiveData  stm32f10x_spi.o
    0x08003028   0x00000004   Code   RO         1550    i.SPI_I2S_SendData  stm32f10x_spi.o
    0x0800302c   0x0000003c   Code   RO         1551    i.SPI_Init          stm32f10x_spi.o
    0x08003068   0x00000054   Code   RO            9    i.SPIx_ReadWriteByte  fram.o
    0x080030bc   0x000000a0   Code   RO          736    i.Service_Init      main.o
    0x0800315c   0x00000008   Code   RO         2448    i.SetSysClock       system_stm32f10x.o
    0x08003164   0x000000e0   Code   RO         2449    i.SetSysClockTo72   system_stm32f10x.o
    0x08003244   0x00000008   Code   RO          611    i.SysTick_Handler   timer.o
    0x0800324c   0x0000007c   Code   RO          612    i.SysTick_ISR       timer.o
    0x080032c8   0x00000060   Code   RO         2451    i.SystemInit        system_stm32f10x.o
    0x08003328   0x0000009c   Code   RO          613    i.TIM2_IRQHandler   timer.o
    0x080033c4   0x00000006   Code   RO         1700    i.TIM_ClearITPendingBit  stm32f10x_tim.o
    0x080033ca   0x00000018   Code   RO         1705    i.TIM_Cmd           stm32f10x_tim.o
    0x080033e2   0x00000006   Code   RO         1724    i.TIM_GetCounter    stm32f10x_tim.o
    0x080033e8   0x00000022   Code   RO         1726    i.TIM_GetITStatus   stm32f10x_tim.o
    0x0800340a   0x00000012   Code   RO         1730    i.TIM_ITConfig      stm32f10x_tim.o
    0x0800341c   0x00000004   Code   RO         1766    i.TIM_SetCompare1   stm32f10x_tim.o
    0x08003420   0x00000004   Code   RO         1767    i.TIM_SetCompare2   stm32f10x_tim.o
    0x08003424   0x00000004   Code   RO         1768    i.TIM_SetCompare3   stm32f10x_tim.o
    0x08003428   0x00000006   Code   RO         1769    i.TIM_SetCompare4   stm32f10x_tim.o
    0x0800342e   0x00000002   PAD
    0x08003430   0x000000a4   Code   RO         1776    i.TIM_TimeBaseInit  stm32f10x_tim.o
    0x080034d4   0x00000010   Code   RO          437    i.USART1_IRQHandler  usart.o
    0x080034e4   0x00000010   Code   RO          438    i.USART2_IRQHandler  usart.o
    0x080034f4   0x00000010   Code   RO          439    i.USART3_IRQHandler  usart.o
    0x08003504   0x00000012   Code   RO         2249    i.USART_ClearFlag   stm32f10x_usart.o
    0x08003516   0x00000018   Code   RO         2253    i.USART_Cmd         stm32f10x_usart.o
    0x0800352e   0x00000054   Code   RO         2257    i.USART_GetITStatus  stm32f10x_usart.o
    0x08003582   0x0000004a   Code   RO         2259    i.USART_ITConfig    stm32f10x_usart.o
    0x080035cc   0x000000d8   Code   RO         2260    i.USART_Init        stm32f10x_usart.o
    0x080036a4   0x0000000a   Code   RO         2267    i.USART_ReceiveData  stm32f10x_usart.o
    0x080036ae   0x00000008   Code   RO         2270    i.USART_SendData    stm32f10x_usart.o
    0x080036b6   0x000000e6   Code   RO          441    i.UartIRQ           usart.o
    0x0800379c   0x000000c4   Code   RO          443    i.UartVarInit       usart.o
    0x08003860   0x00000028   Code   RO         2770    i.__ARM_fpclassify  m_ws.l(fpclassify.o)
    0x08003888   0x0000000e   Code   RO         2647    i._is_digit         c_w.l(__printf_wp.o)
    0x08003896   0x00000002   PAD
    0x08003898   0x00000068   Code   RO          620    i.bsp_InitHardTimer  timer.o
    0x08003900   0x0000009c   Code   RO          621    i.bsp_InitTimer     timer.o
    0x0800399c   0x00000014   Code   RO          445    i.bsp_InitUart      usart.o
    0x080039b0   0x0000001c   Code   RO          622    i.bsp_SoftTimerDec  timer.o
    0x080039cc   0x000000c8   Code   RO          624    i.bsp_StartHardTimer  timer.o
    0x08003a94   0x00000028   Code   RO          813    i.delay_ms          delay.o
    0x08003abc   0x0000001c   Code   RO          814    i.delay_us          delay.o
    0x08003ad8   0x00000040   Code   RO          783    i.digitalin         digital.o
    0x08003b18   0x00000044   Code   RO          784    i.digitalout        digital.o
    0x08003b5c   0x00000010   Code   RO          153    i.fputc             printer.o
    0x08003b6c   0x0000003c   Code   RO          114    i.keyInit           keyboard.o
    0x08003ba8   0x00000074   Code   RO          115    i.keyscan           keyboard.o
    0x08003c1c   0x000000fc   Code   RO         1076    i.lcd               back.o
    0x08003d18   0x00000048   Code   RO          737    i.main              main.o
    0x08003d60   0x000000f4   Code   RO         1078    i.oled              back.o
    0x08003e54   0x00000040   Code   RO         1041    i.pid_add           pid.o
    0x08003e94   0x00000018   Code   RO          191    i.pid_init          pidp.o
    0x08003eac   0x000000a4   Code   RO         1043    i.pid_realise       pid.o
    0x08003f50   0x00000078   Code   RO          154    i.print_one         printer.o
    0x08003fc8   0x0000003c   Code   RO          155    i.printerInit       printer.o
    0x08004004   0x00000012   Code   RO          454    i.strlen            usart.o
    0x08004016   0x00000002   PAD
    0x08004018   0x0000002c   Code   RO         2766    locale$$code        c_w.l(lc_numeric_c.o)
    0x08004044   0x0000000c   Code   RO         2699    x$fpl$dretinf       fz_ws.l(dretinf.o)
    0x08004050   0x00000056   Code   RO         2665    x$fpl$f2d           fz_ws.l(f2d.o)
    0x080040a6   0x00000002   PAD
    0x080040a8   0x000000c4   Code   RO         2667    x$fpl$fadd          fz_ws.l(faddsub_clz.o)
    0x0800416c   0x00000102   Code   RO         2679    x$fpl$fmul          fz_ws.l(fmul.o)
    0x0800426e   0x0000008c   Code   RO         2701    x$fpl$fnaninf       fz_ws.l(fnaninf.o)
    0x080042fa   0x0000000a   Code   RO         2703    x$fpl$fretinf       fz_ws.l(fretinf.o)
    0x08004304   0x00000014   Code   RO         2668    x$fpl$frsb          fz_ws.l(faddsub_clz.o)
    0x08004318   0x000000ea   Code   RO         2669    x$fpl$fsub          fz_ws.l(faddsub_clz.o)
    0x08004402   0x00000004   Code   RO         2681    x$fpl$printf1       fz_ws.l(printf1.o)
    0x08004406   0x00000000   Code   RO         2705    x$fpl$usenofp       fz_ws.l(usenofp.o)
    0x08004406   0x00000200   Data   RO          402    .constdata          crc16.o
    0x08004606   0x00001251   Data   RO          930    .constdata          oled.o
    0x08005857   0x00000011   Data   RO         2650    .constdata          c_w.l(__printf_flags_wp.o)
    0x08005868   0x00000094   Data   RO         2733    .constdata          c_w.l(bigflt0.o)
    0x080058fc   0x00000004   Data   RO         2773    .constdata          c_w.l(sys_io.o)
    0x08005900   0x00000004   Data   RO         2774    .constdata          c_w.l(sys_io.o)
    0x08005904   0x00000004   Data   RO         2775    .constdata          c_w.l(sys_io.o)
    0x08005908   0x00000020   Data   RO         3054    Region$$Table       anon$$obj.o
    0x08005928   0x0000001c   Data   RO         2765    locale$$data        c_w.l(lc_numeric_c.o)


    Execution Region RW_IRAM1 (Base: 0x20000000, Size: 0x00002188, Max: 0x00005000, ABSOLUTE)

    Base Addr    Size         Type   Attr      Idx    E Section Name        Object

    0x20000000   0x00000001   Data   RW          243    .data               modbus.o
    0x20000001   0x00000003   PAD
    0x20000004   0x0000001d   Data   RW          629    .data               timer.o
    0x20000021   0x00000014   Data   RW         1353    .data               stm32f10x_rcc.o
    0x20000035   0x00000003   PAD
    0x20000038   0x00000014   Data   RW         2452    .data               system_stm32f10x.o
    0x2000004c   0x00000004   Data   RW         2696    .data               c_w.l(stdio_streams.o)
    0x20000050   0x00000004   Data   RW         2697    .data               c_w.l(stdio_streams.o)
    0x20000054   0x00000004   Data   RW         2698    .data               c_w.l(stdio_streams.o)
    0x20000058   0x000000ea   Zero   RW          241    .bss                modbus.o
    0x20000142   0x00000002   PAD
    0x20000144   0x00001878   Zero   RW          455    .bss                usart.o
    0x200019bc   0x00000030   Zero   RW          627    .bss                timer.o
    0x200019ec   0x00000020   Zero   RW         1044    .bss                pid.o
    0x20001a0c   0x00000020   Zero   RW         1079    .bss                back.o
    0x20001a2c   0x00000054   Zero   RW         2693    .bss                c_w.l(stdio_streams.o)
    0x20001a80   0x00000054   Zero   RW         2694    .bss                c_w.l(stdio_streams.o)
    0x20001ad4   0x00000054   Zero   RW         2695    .bss                c_w.l(stdio_streams.o)
    0x20001b28   0x00000060   Zero   RW         2778    .bss                c_w.l(libspace.o)
    0x20001b88   0x00000200   Zero   RW         2439    HEAP                startup_stm32f10x_md.o
    0x20001d88   0x00000400   Zero   RW         2438    STACK               startup_stm32f10x_md.o


==============================================================================

Image component sizes


      Code (inc. data)   RO Data    RW Data    ZI Data      Debug   Object Name

      1100        238          0          0         32       4069   back.o
        56          8        512          0          0       1155   crc16.o
        68          0          0          0          0        982   delay.o
       132         12          0          0          0       1037   digital.o
       292         14          0          0          0     268601   fram.o
       176         18          0          0          0       1380   keyboard.o
       232         52          0          0          0       1038   main.o
       132         22          0          0          0       1723   misc.o
       688         82          0          1        234       9565   modbus.o
      1188         40       4689          0          0       7541   oled.o
       228         14          0          0         32       1806   pid.o
        24          0          0          0          0       1291   pidp.o
       196         12          0          0          0       2854   printer.o
        64         26        236          0       1536        824   startup_stm32f10x_md.o
       396          6          0          0          0       2658   stm32f10x_fsmc.o
       678         34          0          0          0       7873   stm32f10x_gpio.o
       372         50          0         20          0       6484   stm32f10x_rcc.o
       200         12          0          0          0       4763   stm32f10x_spi.o
       270         42          0          0          0       6763   stm32f10x_tim.o
       434          6          0          0          0       6497   stm32f10x_usart.o
       328         28          0         20          0       2349   system_stm32f10x.o
       776         78          0         29         48      27599   timer.o
      1158        118          0          0       6264       7873   usart.o

    ----------------------------------------------------------------------
      9202        912       5469         76       8148     376725   Object Totals
         0          0         32          0          0          0   (incl. Generated)
        14          0          0          6          2          0   (incl. Padding)

    ----------------------------------------------------------------------

      Code (inc. data)   RO Data    RW Data    ZI Data      Debug   Library Member Name

         8          0          0          0          0         68   __main.o
       312          4         17          0          0         92   __printf_flags_wp.o
        14          0          0          0          0         68   __printf_wp.o
         0          0          0          0          0          0   __rtentry.o
        12          0          0          0          0          0   __rtentry2.o
         6          0          0          0          0          0   __rtentry4.o
        52          8          0          0          0          0   __scatter.o
        26          0          0          0          0          0   __scatter_copy.o
        28          0          0          0          0          0   __scatter_zi.o
         6          0          0          0          0          0   _printf_c.o
        44          0          0          0          0        108   _printf_char.o
        48          6          0          0          0         96   _printf_char_common.o
        36          4          0          0          0         80   _printf_char_file.o
         6          0          0          0          0          0   _printf_d.o
       120         16          0          0          0         92   _printf_dec.o
         6          0          0          0          0          0   _printf_f.o
      1050          0          0          0          0        216   _printf_fp_dec.o
       128         16          0          0          0         84   _printf_fp_infnan.o
       178          0          0          0          0         88   _printf_intcommon.o
        78          0          0          0          0        108   _printf_pad.o
         0          0          0          0          0          0   _printf_percent.o
         4          0          0          0          0          0   _printf_percent_end.o
        82          0          0          0          0         80   _printf_str.o
       220          4        148          0          0         96   bigflt0.o
      1910        128          0          0          0        672   btod.o
        10          0          0          0          0         68   defsig_exit.o
        50          0          0          0          0         88   defsig_general.o
        80         58          0          0          0         76   defsig_rtmem_inner.o
        14          0          0          0          0         80   defsig_rtmem_outer.o
        52         38          0          0          0         76   defsig_rtred_inner.o
        14          0          0          0          0         80   defsig_rtred_outer.o
        18          0          0          0          0         80   exit.o
        76          0          0          0          0         88   fclose.o
         8          0          0          0          0         68   ferror.o
       236          4          0          0          0        128   fopen.o
       248          6          0          0          0         84   fseek.o
        66          0          0          0          0         76   ftell.o
        94          0          0          0          0         80   h1_alloc.o
        52          0          0          0          0         68   h1_extend.o
        78          0          0          0          0         80   h1_free.o
        14          0          0          0          0         84   h1_init.o
         6          0          0          0          0        152   heapauxi.o
         4          0          0          0          0        136   hguard.o
         0          0          0          0          0          0   indicate_semi.o
       138          0          0          0          0        168   init_alloc.o
       312         46          0          0          0        112   initio.o
        44         10         28          0          0         76   lc_numeric_c.o
         2          0          0          0          0          0   libinit.o
        30          0          0          0          0          0   libinit2.o
         2          0          0          0          0          0   libshutdown.o
         6          0          0          0          0          0   libshutdown2.o
         8          4          0          0         96         68   libspace.o
       138          0          0          0          0         80   lludiv10.o
         0          0          0          0          0          0   maybetermalloc1.o
        24          4          0          0          0         84   noretval__2printf.o
         8          4          0          0          0         68   rt_errno_addr_intlibspace.o
         8          4          0          0          0         68   rt_heap_descriptor_intlibspace.o
         8          4          0          0          0         68   rt_locale_intlibspace.o
        78          0          0          0          0         80   rt_memclr_w.o
         2          0          0          0          0          0   rtexit.o
        10          0          0          0          0          0   rtexit2.o
        70          0          0          0          0         80   setvbuf.o
       240          6          0          0          0        156   stdio.o
         0          0          0         12        252          0   stdio_streams.o
       128          0          0          0          0         68   strcmpv7m.o
        12          4          0          0          0         68   sys_exit.o
       102          0         12          0          0        240   sys_io.o
        74          0          0          0          0         80   sys_stackheap_outer.o
        14          0          0          0          0         76   sys_wrch.o
         2          0          0          0          0         68   use_no_semi.o
        12          0          0          0          0         68   dretinf.o
        86          4          0          0          0         84   f2d.o
       450          8          0          0          0        236   faddsub_clz.o
       258          4          0          0          0         84   fmul.o
       140          4          0          0          0         84   fnaninf.o
        10          0          0          0          0         68   fretinf.o
         4          0          0          0          0         68   printf1.o
         0          0          0          0          0          0   usenofp.o
        40          0          0          0          0         68   fpclassify.o

    ----------------------------------------------------------------------
      7976        398        205         12        348       6008   Library Totals
        22          0          0          0          0          0   (incl. Padding)

    ----------------------------------------------------------------------

      Code (inc. data)   RO Data    RW Data    ZI Data      Debug   Library Name

      6954        378        205         12        348       5248   c_w.l
       960         20          0          0          0        692   fz_ws.l
        40          0          0          0          0         68   m_ws.l

    ----------------------------------------------------------------------
      7976        398        205         12        348       6008   Library Totals

    ----------------------------------------------------------------------

==============================================================================


      Code (inc. data)   RO Data    RW Data    ZI Data      Debug   

     17178       1310       5674         88       8496     373681   Grand Totals
     17178       1310       5674         88       8496     373681   ELF Image Totals
     17178       1310       5674         88          0          0   ROM Totals

==============================================================================

    Total RO  Size (Code + RO Data)                22852 (  22.32kB)
    Total RW  Size (RW Data + ZI Data)              8584 (   8.38kB)
    Total ROM Size (Code + RO Data + RW Data)      22940 (  22.40kB)

==============================================================================

